Archive member included because of file (symbol)

lib/libstm32f4.a(stm32f4xx_rcc.o)
                              /tmp/ccZgTuwj.o (RCC_AHB1PeriphClockCmd)
lib/libstm32f4.a(stm32f4xx_gpio.o)
                              /tmp/ccZgTuwj.o (GPIO_Init)
lib/libstm32f4.a(stm32f4xx_spi.o)
                              /tmp/cc2WVRRR.o (SPI_Init)
lib/libstm32f4.a(stm32f4xx_usart.o)
                              /tmp/ccZgTuwj.o (USART_Init)
/home/pradeep/stm32f4/gcc-arm-none-eabi-4_9-2015q3/bin/../lib/gcc/arm-none-eabi/4.9.3/../../../../arm-none-eabi/lib/armv7e-m/fpu/libg.a(lib_a-exit.o)
                              /home/pradeep/stm32f4/gcc-arm-none-eabi-4_9-2015q3/bin/../lib/gcc/arm-none-eabi/4.9.3/../../../../arm-none-eabi/lib/armv7e-m/fpu/crt0.o (exit)
/home/pradeep/stm32f4/gcc-arm-none-eabi-4_9-2015q3/bin/../lib/gcc/arm-none-eabi/4.9.3/../../../../arm-none-eabi/lib/armv7e-m/fpu/libg.a(lib_a-impure.o)
                              /home/pradeep/stm32f4/gcc-arm-none-eabi-4_9-2015q3/bin/../lib/gcc/arm-none-eabi/4.9.3/../../../../arm-none-eabi/lib/armv7e-m/fpu/libg.a(lib_a-exit.o) (_global_impure_ptr)
/home/pradeep/stm32f4/gcc-arm-none-eabi-4_9-2015q3/bin/../lib/gcc/arm-none-eabi/4.9.3/../../../../arm-none-eabi/lib/armv7e-m/fpu/libg.a(lib_a-init.o)
                              /home/pradeep/stm32f4/gcc-arm-none-eabi-4_9-2015q3/bin/../lib/gcc/arm-none-eabi/4.9.3/../../../../arm-none-eabi/lib/armv7e-m/fpu/crt0.o (__libc_init_array)
/home/pradeep/stm32f4/gcc-arm-none-eabi-4_9-2015q3/bin/../lib/gcc/arm-none-eabi/4.9.3/../../../../arm-none-eabi/lib/armv7e-m/fpu/libg.a(lib_a-memset.o)
                              /home/pradeep/stm32f4/gcc-arm-none-eabi-4_9-2015q3/bin/../lib/gcc/arm-none-eabi/4.9.3/../../../../arm-none-eabi/lib/armv7e-m/fpu/crt0.o (memset)
/home/pradeep/stm32f4/gcc-arm-none-eabi-4_9-2015q3/bin/../lib/gcc/arm-none-eabi/4.9.3/../../../../arm-none-eabi/lib/armv7e-m/fpu/libg.a(lib_a-puts.o)
                              /tmp/ccu3usiG.o (puts)
/home/pradeep/stm32f4/gcc-arm-none-eabi-4_9-2015q3/bin/../lib/gcc/arm-none-eabi/4.9.3/../../../../arm-none-eabi/lib/armv7e-m/fpu/libg.a(lib_a-reent.o)
                              /tmp/ccpoGD83.o (errno)
/home/pradeep/stm32f4/gcc-arm-none-eabi-4_9-2015q3/bin/../lib/gcc/arm-none-eabi/4.9.3/../../../../arm-none-eabi/lib/armv7e-m/fpu/libg.a(lib_a-setvbuf.o)
                              /tmp/ccu3usiG.o (setvbuf)
/home/pradeep/stm32f4/gcc-arm-none-eabi-4_9-2015q3/bin/../lib/gcc/arm-none-eabi/4.9.3/../../../../arm-none-eabi/lib/armv7e-m/fpu/libg.a(lib_a-strlen.o)
                              /home/pradeep/stm32f4/gcc-arm-none-eabi-4_9-2015q3/bin/../lib/gcc/arm-none-eabi/4.9.3/../../../../arm-none-eabi/lib/armv7e-m/fpu/libg.a(lib_a-puts.o) (strlen)
/home/pradeep/stm32f4/gcc-arm-none-eabi-4_9-2015q3/bin/../lib/gcc/arm-none-eabi/4.9.3/../../../../arm-none-eabi/lib/armv7e-m/fpu/libg.a(lib_a-__call_atexit.o)
                              /home/pradeep/stm32f4/gcc-arm-none-eabi-4_9-2015q3/bin/../lib/gcc/arm-none-eabi/4.9.3/../../../../arm-none-eabi/lib/armv7e-m/fpu/libg.a(lib_a-exit.o) (__call_exitprocs)
/home/pradeep/stm32f4/gcc-arm-none-eabi-4_9-2015q3/bin/../lib/gcc/arm-none-eabi/4.9.3/../../../../arm-none-eabi/lib/armv7e-m/fpu/libg.a(lib_a-atexit.o)
                              /home/pradeep/stm32f4/gcc-arm-none-eabi-4_9-2015q3/bin/../lib/gcc/arm-none-eabi/4.9.3/../../../../arm-none-eabi/lib/armv7e-m/fpu/libg.a(lib_a-__call_atexit.o) (atexit)
/home/pradeep/stm32f4/gcc-arm-none-eabi-4_9-2015q3/bin/../lib/gcc/arm-none-eabi/4.9.3/../../../../arm-none-eabi/lib/armv7e-m/fpu/libg.a(lib_a-fflush.o)
                              /home/pradeep/stm32f4/gcc-arm-none-eabi-4_9-2015q3/bin/../lib/gcc/arm-none-eabi/4.9.3/../../../../arm-none-eabi/lib/armv7e-m/fpu/libg.a(lib_a-setvbuf.o) (_fflush_r)
/home/pradeep/stm32f4/gcc-arm-none-eabi-4_9-2015q3/bin/../lib/gcc/arm-none-eabi/4.9.3/../../../../arm-none-eabi/lib/armv7e-m/fpu/libg.a(lib_a-findfp.o)
                              /home/pradeep/stm32f4/gcc-arm-none-eabi-4_9-2015q3/bin/../lib/gcc/arm-none-eabi/4.9.3/../../../../arm-none-eabi/lib/armv7e-m/fpu/libg.a(lib_a-setvbuf.o) (_cleanup_r)
/home/pradeep/stm32f4/gcc-arm-none-eabi-4_9-2015q3/bin/../lib/gcc/arm-none-eabi/4.9.3/../../../../arm-none-eabi/lib/armv7e-m/fpu/libg.a(lib_a-fini.o)
                              /home/pradeep/stm32f4/gcc-arm-none-eabi-4_9-2015q3/bin/../lib/gcc/arm-none-eabi/4.9.3/../../../../arm-none-eabi/lib/armv7e-m/fpu/libg.a(lib_a-__call_atexit.o) (__libc_fini_array)
/home/pradeep/stm32f4/gcc-arm-none-eabi-4_9-2015q3/bin/../lib/gcc/arm-none-eabi/4.9.3/../../../../arm-none-eabi/lib/armv7e-m/fpu/libg.a(lib_a-freer.o)
                              /home/pradeep/stm32f4/gcc-arm-none-eabi-4_9-2015q3/bin/../lib/gcc/arm-none-eabi/4.9.3/../../../../arm-none-eabi/lib/armv7e-m/fpu/libg.a(lib_a-reent.o) (_free_r)
/home/pradeep/stm32f4/gcc-arm-none-eabi-4_9-2015q3/bin/../lib/gcc/arm-none-eabi/4.9.3/../../../../arm-none-eabi/lib/armv7e-m/fpu/libg.a(lib_a-fvwrite.o)
[...]
Memory Configuration

Name             Origin             Length             Attributes
FLASH            0x08000000         0x00080000         xr
RAM              0x20000000         0x00030000         xrw
MEMORY_B1        0x60000000         0x00000000         xr
*default*        0x00000000         0xffffffff

Linker script and memory map

LOAD /home/pradeep/stm32f4/gcc-arm-none-eabi-4_9-2015q3/bin/../lib/gcc/arm-none-eabi/4.9.3/armv7e-m/fpu/crti.o
LOAD /home/pradeep/stm32f4/gcc-arm-none-eabi-4_9-2015q3/bin/../lib/gcc/arm-none-eabi/4.9.3/armv7e-m/fpu/crtbegin.o
LOAD /home/pradeep/stm32f4/gcc-arm-none-eabi-4_9-2015q3/bin/../lib/gcc/arm-none-eabi/4.9.3/../../../../arm-none-eabi/lib/armv7e-m/fpu/crt0.o
LOAD /tmp/ccu3usiG.o
LOAD /tmp/ccEz72BM.o
LOAD /tmp/ccNcQKyf.o
LOAD /tmp/ccZgTuwj.o
LOAD /tmp/ccpoGD83.o
LOAD /tmp/ccQtOroH.o
LOAD /tmp/cc2WVRRR.o
LOAD /tmp/ccwN4sAQ.o
LOAD /tmp/ccyRBDsQ.o
LOAD lib/libstm32f4.a
START GROUP
LOAD /home/pradeep/stm32f4/gcc-arm-none-eabi-4_9-2015q3/bin/../lib/gcc/arm-none-eabi/4.9.3/armv7e-m/fpu/libgcc.a
LOAD /home/pradeep/stm32f4/gcc-arm-none-eabi-4_9-2015q3/bin/../lib/gcc/arm-none-eabi/4.9.3/../../../../arm-none-eabi/lib/armv7e-m/fpu/libg.a
LOAD /home/pradeep/stm32f4/gcc-arm-none-eabi-4_9-2015q3/bin/../lib/gcc/arm-none-eabi/4.9.3/../../../../arm-none-eabi/lib/armv7e-m/fpu/libc.a
END GROUP
LOAD /home/pradeep/stm32f4/gcc-arm-none-eabi-4_9-2015q3/bin/../lib/gcc/arm-none-eabi/4.9.3/armv7e-m/fpu/crtend.o
LOAD /home/pradeep/stm32f4/gcc-arm-none-eabi-4_9-2015q3/bin/../lib/gcc/arm-none-eabi/4.9.3/armv7e-m/fpu/crtn.o
                0x20020000                _estack = 0x20020000
                0x00000000                _Min_Heap_Size = 0x0
                0x00000400                _Min_Stack_Size = 0x400

.isr_vector     0x08000000      0x188
                0x08000000                . = ALIGN (0x4)
 *(.isr_vector)
 .isr_vector    0x08000000      0x188 /tmp/ccyRBDsQ.o
                0x08000000                g_pfnVectors
                0x08000188                . = ALIGN (0x4)

.text           0x08000188     0x383c
                0x08000188                . = ALIGN (0x4)
 *(.text)
 .text          0x08000188        0x0 /home/pradeep/stm32f4/gcc-arm-none-eabi-4_9-2015q3/bin/../lib/gcc/arm-none-eabi/4.9.3/armv7e-m/fpu/crti.o
 .text          0x08000188       0x5c /home/pradeep/stm32f4/gcc-arm-none-eabi-4_9-2015q3/bin/../lib/gcc/arm-none-eabi/4.9.3/armv7e-m/fpu/crtbegin.o
 .text          0x080001e4       0x74 /home/pradeep/stm32f4/gcc-arm-none-eabi-4_9-2015q3/bin/../lib/gcc/arm-none-eabi/4.9.3/../../../../arm-none-eabi/lib/armv7e-m/fpu/crt0.o
                0x080001e4                _mainCRTStartup
                0x080001e4                _start
 .text          0x08000258       0x70 /tmp/ccu3usiG.o
                0x08000258                DelayHandler
                0x0800026c                TestTimer
                0x0800028c                TickHandler
                0x080002b8                Delay
 .text          0x080002c8      0x174 /tmp/ccEz72BM.o
                0x080002c8                SystemInit
                0x080003c8                SystemCoreClockUpdate
 .text          0x0800043c       0x2c /tmp/ccNcQKyf.o
                0x0800043c                NMI_Handler
                0x08000440                HardFault_Handler
                0x08000444                MemManage_Handler
                0x08000448                BusFault_Handler
                0x0800044c                UsageFault_Handler
                0x08000450                SVC_Handler
                0x08000454                DebugMon_Handler
                0x08000458                PendSV_Handler
                0x0800045c                SysTick_Handler
                0x08000464                USART6_IRQHandler
 .text          0x08000468       0x88 /tmp/ccZgTuwj.o
                0x08000468                Debug_uart1_Init
 .text          0x080004f0      0x1a0 /tmp/ccpoGD83.o
                0x080004f0                _close
                0x080004f8                _execve
                0x08000508                _fork
                0x08000518                _fstat
                0x08000524                _getpid
                0x08000528                _isatty
                0x08000540                _kill
                0x08000550                _link
                0x08000560                _lseek
                0x08000564                _read
                0x080005a0                _stat
                0x080005ac                _times
                0x080005b4                _unlink
                0x080005c4                _wait
                0x080005d4                _write
                0x08000648                _sbrk
 .text          0x08000690      0x24c /tmp/ccQtOroH.o
                0x08000690                vs1053_WriteRegister
                0x080006d4                vs1053_WriteRegisterW
                0x08000718                vs1053_ReadRegister
                0x08000768                vs1053_SetVolume
                0x08000798                vs1053_setup
                0x08000870                vs1053_play
                0x080008cc                vs1053_sayHello
 .text          0x080008dc       0xf8 /tmp/cc2WVRRR.o
                0x080008dc                spiWrite
                0x08000904                spi1Init
                0x080009a4                spi1Write
                0x080009cc                spi2Init
                0x080009d0                spi2Write
 .text          0x080009d4       0xd4 /tmp/ccwN4sAQ.o
                0x080009d4                SetupPins
                0x08000a6c                MP3_XCS
                0x08000a80                MP3_XDCS
                0x08000a94                MP3_RESET
 .text          0x08000aa8       0x14 /tmp/ccyRBDsQ.o
 .text          0x08000abc      0x478 lib/libstm32f4.a(stm32f4xx_rcc.o)
                0x08000abc                RCC_DeInit
                0x08000af0                RCC_HSEConfig
                0x08000b00                RCC_WaitForHSEStartUp
                0x08000b34                RCC_AdjustHSICalibrationValue
                0x08000b48                RCC_HSICmd
                0x08000b54                RCC_LSEConfig
                0x08000b74                RCC_LSICmd
                0x08000b80                RCC_PLLConfig
                0x08000ba4                RCC_PLLCmd
                0x08000bb0                RCC_PLLI2SConfig
                0x08000bc4                RCC_PLLI2SCmd
                0x08000bd0                RCC_ClockSecuritySystemCmd
                0x08000bdc                RCC_MCO1Config
                0x08000bf0                RCC_MCO2Config
                0x08000c04                RCC_SYSCLKConfig
                0x08000c18                RCC_GetSYSCLKSource
                0x08000c28                RCC_HCLKConfig
                0x08000c3c                RCC_PCLK1Config
                0x08000c50                RCC_PCLK2Config
                0x08000c64                RCC_GetClocksFreq
                0x08000cfc                RCC_RTCCLKConfig
                0x08000d2c                RCC_RTCCLKCmd
                0x08000d38                RCC_BackupResetCmd
                0x08000d44                RCC_I2SCLKConfig
                0x08000d50                RCC_AHB1PeriphClockCmd
                0x08000d68                RCC_AHB2PeriphClockCmd
                0x08000d80                RCC_AHB3PeriphClockCmd
                0x08000d98                RCC_APB1PeriphClockCmd
                0x08000db0                RCC_APB2PeriphClockCmd
                0x08000dc8                RCC_AHB1PeriphResetCmd
                0x08000de0                RCC_AHB2PeriphResetCmd
                0x08000df8                RCC_AHB3PeriphResetCmd
                0x08000e10                RCC_APB1PeriphResetCmd
                0x08000e28                RCC_APB2PeriphResetCmd
                0x08000e40                RCC_AHB1PeriphClockLPModeCmd
                0x08000e58                RCC_AHB2PeriphClockLPModeCmd
                0x08000e70                RCC_AHB3PeriphClockLPModeCmd
                0x08000e88                RCC_APB1PeriphClockLPModeCmd
                0x08000ea0                RCC_APB2PeriphClockLPModeCmd
                0x08000eb8                RCC_ITConfig
                0x08000ed0                RCC_GetFlagStatus
                0x08000f04                RCC_ClearFlag
                0x08000f14                RCC_GetITStatus
                0x08000f28                RCC_ClearITPendingBit
 .text          0x08000f34      0x274 lib/libstm32f4.a(stm32f4xx_gpio.o)
                0x08000f34                GPIO_DeInit
                0x0800104c                GPIO_Init
                0x08001100                GPIO_StructInit
                0x08001114                GPIO_PinLockConfig
                0x08001138                GPIO_ReadInputDataBit
                0x08001144                GPIO_ReadInputData
                0x0800114c                GPIO_ReadOutputDataBit
                0x08001158                GPIO_ReadOutputData
                0x08001160                GPIO_SetBits
                0x08001164                GPIO_ResetBits
                0x08001168                GPIO_WriteBit
                0x08001174                GPIO_Write
                0x08001178                GPIO_ToggleBits
                0x08001180                GPIO_PinAFConfig
 .text          0x080011a8      0x3b4 lib/libstm32f4.a(stm32f4xx_spi.o)
                0x080011a8                SPI_I2S_DeInit
                0x08001214                SPI_Init
                0x08001264                I2S_Init
                0x08001354                SPI_StructInit
                0x0800136c                I2S_StructInit
                0x08001380                SPI_Cmd
                0x0800139c                I2S_Cmd
                0x080013b8                SPI_DataSizeConfig
                0x080013d0                SPI_BiDirectionalLineConfig
                0x080013f0                SPI_NSSInternalSoftwareConfig
                0x08001410                SPI_SSOutputCmd
                0x0800142c                SPI_TIModeCmd
                0x08001448                I2S_FullDuplexConfig
                0x08001490                SPI_I2S_ReceiveData
                0x08001498                SPI_I2S_SendData
                0x0800149c                SPI_CalculateCRC
                0x080014b8                SPI_TransmitCRC
                0x080014c4                SPI_GetCRC
                0x080014d0                SPI_GetCRCPolynomial
                0x080014d8                SPI_I2S_DMACmd
                0x080014ec                SPI_I2S_ITConfig
                0x0800150c                SPI_I2S_GetFlagStatus
                0x08001518                SPI_I2S_ClearFlag
                0x08001520                SPI_I2S_GetITStatus
                0x0800154c                SPI_I2S_ClearITPendingBit
 .text          0x0800155c      0x434 lib/libstm32f4.a(stm32f4xx_usart.o)
                0x0800155c                USART_DeInit
                0x08001624                USART_Init
                0x080016e8                USART_StructInit
                0x08001700                USART_ClockInit
                0x08001724                USART_ClockStructInit
                0x08001730                USART_Cmd
                0x0800174c                USART_SetPrescaler
                0x08001760                USART_OverSampling8Cmd
                0x0800177c                USART_OneBitMethodCmd
                0x08001798                USART_SendData
                0x080017a0                USART_ReceiveData
                0x080017a8                USART_SetAddress
                0x080017c0                USART_ReceiverWakeUpCmd
                0x080017dc                USART_WakeUpConfig
                0x080017f4                USART_LINBreakDetectLengthConfig
                0x0800180c                USART_LINCmd
                0x08001828                USART_SendBreak
                0x08001834                USART_HalfDuplexCmd
                0x08001850                USART_SetGuardTime
                0x08001864                USART_SmartCardCmd
                0x08001880                USART_SmartCardNACKCmd
                0x0800189c                USART_IrDAConfig
                0x080018b4                USART_IrDACmd
                0x080018d0                USART_DMACmd
                0x080018e4                USART_ITConfig
                0x08001920                USART_GetFlagStatus
                0x0800192c                USART_ClearFlag
                0x08001934                USART_GetITStatus
                0x08001980                USART_ClearITPendingBit
 .text          0x08001990        0x0 /home/pradeep/stm32f4/gcc-arm-none-eabi-4_9-2015q3/bin/../lib/gcc/arm-none-eabi/4.9.3/../../../../arm-none-eabi/lib/armv7e-m/fpu/libg.a(lib_a-exit.o)
 .text          0x08001990        0x0 /home/pradeep/stm32f4/gcc-arm-none-eabi-4_9-2015q3/bin/../lib/gcc/arm-none-eabi/4.9.3/../../../../arm-none-eabi/lib/armv7e-m/fpu/libg.a(lib_a-impure.o)
 .text          0x08001990        0x0 /home/pradeep/stm32f4/gcc-arm-none-eabi-4_9-2015q3/bin/../lib/gcc/arm-none-eabi/4.9.3/../../../../arm-none-eabi/lib/armv7e-m/fpu/libg.a(lib_a-init.o)
 .text          0x08001990        0x0 /home/pradeep/stm32f4/gcc-arm-none-eabi-4_9-2015q3/bin/../lib/gcc/arm-none-eabi/4.9.3/../../../../arm-none-eabi/lib/armv7e-m/fpu/libg.a(lib_a-memset.o)
 .text          0x08001990        0x0 /home/pradeep/stm32f4/gcc-arm-none-eabi-4_9-2015q3/bin/../lib/gcc/arm-none-eabi/4.9.3/../../../../arm-none-eabi/lib/armv7e-m/fpu/libg.a(lib_a-puts.o)
 .text          0x08001990        0x0 /home/pradeep/stm32f4/gcc-arm-none-eabi-4_9-2015q3/bin/../lib/gcc/arm-none-eabi/4.9.3/../../../../arm-none-eabi/lib/armv7e-m/fpu/libg.a(lib_a-reent.o)
 .text          0x08001990        0x0 /home/pradeep/stm32f4/gcc-arm-none-eabi-4_9-2015q3/bin/../lib/gcc/arm-none-eabi/4.9.3/../../../../arm-none-eabi/lib/armv7e-m/fpu/libg.a(lib_a-setvbuf.o)
 .text          0x08001990        0x0 /home/pradeep/stm32f4/gcc-arm-none-eabi-4_9-2015q3/bin/../lib/gcc/arm-none-eabi/4.9.3/../../../../arm-none-eabi/lib/armv7e-m/fpu/libg.a(lib_a-strlen.o)
 .text          0x08001990        0x0 /home/pradeep/stm32f4/gcc-arm-none-eabi-4_9-2015q3/bin/../lib/gcc/arm-none-eabi/4.9.3/../../../../arm-none-eabi/lib/armv7e-m/fpu/libg.a(lib_a-__call_atexit.o)
 .text          0x08001990        0x0 /home/pradeep/stm32f4/gcc-arm-none-eabi-4_9-2015q3/bin/../lib/gcc/arm-none-eabi/4.9.3/../../../../arm-none-eabi/lib/armv7e-m/fpu/libg.a(lib_a-atexit.o)
 .text          0x08001990        0x0 /home/pradeep/stm32f4/gcc-arm-none-eabi-4_9-2015q3/bin/../lib/gcc/arm-none-eabi/4.9.3/../../../../arm-none-eabi/lib/armv7e-m/fpu/libg.a(lib_a-fflush.o)
 .text          0x08001990        0x0 /home/pradeep/stm32f4/gcc-arm-none-eabi-4_9-2015q3/bin/../lib/gcc/arm-none-eabi/4.9.3/../../../../arm-none-eabi/lib/armv7e-m/fpu/libg.a(lib_a-findfp.o)
 .text          0x08001990        0x0 /home/pradeep/stm32f4/gcc-arm-none-eabi-4_9-2015q3/bin/../lib/gcc/arm-none-eabi/4.9.3/../../../../arm-none-eabi/lib/armv7e-m/fpu/libg.a(lib_a-fini.o)
 .text          0x08001990        0x0 /home/pradeep/stm32f4/gcc-arm-none-eabi-4_9-2015q3/bin/../lib/gcc/arm-none-eabi/4.9.3/../../../../arm-none-eabi/lib/armv7e-m/fpu/libg.a(lib_a-freer.o)
 .text          0x08001990        0x0 /home/pradeep/stm32f4/gcc-arm-none-eabi-4_9-2015q3/bin/../lib/gcc/arm-none-eabi/4.9.3/../../../../arm-none-eabi/lib/armv7e-m/fpu/libg.a(lib_a-fvwrite.o)
 .text          0x08001990        0x0 /home/pradeep/stm32f4/gcc-arm-none-eabi-4_9-2015q3/bin/../lib/gcc/arm-none-eabi/4.9.3/../../../../arm-none-eabi/lib/armv7e-m/fpu/libg.a(lib_a-fwalk.o)
 .text          0x08001990        0x0 /home/pradeep/stm32f4/gcc-arm-none-eabi-4_9-2015q3/bin/../lib/gcc/arm-none-eabi/4.9.3/../../../../arm-none-eabi/lib/armv7e-m/fpu/libg.a(lib_a-malloc.o)
 .text          0x08001990        0x0 /home/pradeep/stm32f4/gcc-arm-none-eabi-4_9-2015q3/bin/../lib/gcc/arm-none-eabi/4.9.3/../../../../arm-none-eabi/lib/armv7e-m/fpu/libg.a(lib_a-mallocr.o)
 .text          0x08001990        0x0 /home/pradeep/stm32f4/gcc-arm-none-eabi-4_9-2015q3/bin/../lib/gcc/arm-none-eabi/4.9.3/../../../../arm-none-eabi/lib/armv7e-m/fpu/libg.a(lib_a-memchr.o)
 .text          0x08001990      0x134 /home/pradeep/stm32f4/gcc-arm-none-eabi-4_9-2015q3/bin/../lib/gcc/arm-none-eabi/4.9.3/../../../../arm-none-eabi/lib/armv7e-m/fpu/libg.a(lib_a-memcpy.o)
                0x08001990                memcpy
 .text          0x08001ac4        0x0 /home/pradeep/stm32f4/gcc-arm-none-eabi-4_9-2015q3/bin/../lib/gcc/arm-none-eabi/4.9.3/../../../../arm-none-eabi/lib/armv7e-m/fpu/libg.a(lib_a-memmove.o)
 .text          0x08001ac4        0x0 /home/pradeep/stm32f4/gcc-arm-none-eabi-4_9-2015q3/bin/../lib/gcc/arm-none-eabi/4.9.3/../../../../arm-none-eabi/lib/armv7e-m/fpu/libg.a(lib_a-mlock.o)
 .text          0x08001ac4        0x0 /home/pradeep/stm32f4/gcc-arm-none-eabi-4_9-2015q3/bin/../lib/gcc/arm-none-eabi/4.9.3/../../../../arm-none-eabi/lib/armv7e-m/fpu/libg.a(lib_a-reallocr.o)
 .text          0x08001ac4        0x0 /home/pradeep/stm32f4/gcc-arm-none-eabi-4_9-2015q3/bin/../lib/gcc/arm-none-eabi/4.9.3/../../../../arm-none-eabi/lib/armv7e-m/fpu/libg.a(lib_a-sbrkr.o)
 .text          0x08001ac4        0x0 /home/pradeep/stm32f4/gcc-arm-none-eabi-4_9-2015q3/bin/../lib/gcc/arm-none-eabi/4.9.3/../../../../arm-none-eabi/lib/armv7e-m/fpu/libg.a(lib_a-stdio.o)
 .text          0x08001ac4        0x0 /home/pradeep/stm32f4/gcc-arm-none-eabi-4_9-2015q3/bin/../lib/gcc/arm-none-eabi/4.9.3/../../../../arm-none-eabi/lib/armv7e-m/fpu/libg.a(lib_a-writer.o)
 .text          0x08001ac4        0x0 /home/pradeep/stm32f4/gcc-arm-none-eabi-4_9-2015q3/bin/../lib/gcc/arm-none-eabi/4.9.3/../../../../arm-none-eabi/lib/armv7e-m/fpu/libg.a(lib_a-wsetup.o)
 .text          0x08001ac4        0x0 /home/pradeep/stm32f4/gcc-arm-none-eabi-4_9-2015q3/bin/../lib/gcc/arm-none-eabi/4.9.3/../../../../arm-none-eabi/lib/armv7e-m/fpu/libg.a(lib_a-__atexit.o)
 .text          0x08001ac4        0x0 /home/pradeep/stm32f4/gcc-arm-none-eabi-4_9-2015q3/bin/../lib/gcc/arm-none-eabi/4.9.3/../../../../arm-none-eabi/lib/armv7e-m/fpu/libg.a(lib_a-closer.o)
 .text          0x08001ac4        0x0 /home/pradeep/stm32f4/gcc-arm-none-eabi-4_9-2015q3/bin/../lib/gcc/arm-none-eabi/4.9.3/../../../../arm-none-eabi/lib/armv7e-m/fpu/libg.a(lib_a-fclose.o)
 .text          0x08001ac4        0x0 /home/pradeep/stm32f4/gcc-arm-none-eabi-4_9-2015q3/bin/../lib/gcc/arm-none-eabi/4.9.3/../../../../arm-none-eabi/lib/armv7e-m/fpu/libg.a(lib_a-lseekr.o)
 .text          0x08001ac4        0x0 /home/pradeep/stm32f4/gcc-arm-none-eabi-4_9-2015q3/bin/../lib/gcc/arm-none-eabi/4.9.3/../../../../arm-none-eabi/lib/armv7e-m/fpu/libg.a(lib_a-makebuf.o)
 .text          0x08001ac4        0x0 /home/pradeep/stm32f4/gcc-arm-none-eabi-4_9-2015q3/bin/../lib/gcc/arm-none-eabi/4.9.3/../../../../arm-none-eabi/lib/armv7e-m/fpu/libg.a(lib_a-readr.o)
 .text          0x08001ac4        0x0 /home/pradeep/stm32f4/gcc-arm-none-eabi-4_9-2015q3/bin/../lib/gcc/arm-none-eabi/4.9.3/../../../../arm-none-eabi/lib/armv7e-m/fpu/libg.a(lib_a-fstatr.o)
 .text          0x08001ac4        0x0 /home/pradeep/stm32f4/gcc-arm-none-eabi-4_9-2015q3/bin/../lib/gcc/arm-none-eabi/4.9.3/../../../../arm-none-eabi/lib/armv7e-m/fpu/libg.a(lib_a-isattyr.o)
 .text          0x08001ac4        0x0 /home/pradeep/stm32f4/gcc-arm-none-eabi-4_9-2015q3/bin/../lib/gcc/arm-none-eabi/4.9.3/armv7e-m/fpu/crtend.o
 .text          0x08001ac4        0x0 /home/pradeep/stm32f4/gcc-arm-none-eabi-4_9-2015q3/bin/../lib/gcc/arm-none-eabi/4.9.3/armv7e-m/fpu/crtn.o
 *(.text*)
 .text.startup  0x08001ac4       0xc0 /tmp/ccu3usiG.o
                0x08001ac4                main
 .text.Reset_Handler
                0x08001b84       0x48 /tmp/ccyRBDsQ.o
                0x08001b84                Reset_Handler
 .text.Default_Handler
                0x08001bcc        0x2 /tmp/ccyRBDsQ.o
                0x08001bcc                RTC_Alarm_IRQHandler
                0x08001bcc                HASH_RNG_IRQHandler
                0x08001bcc                EXTI2_IRQHandler
                0x08001bcc                TIM8_CC_IRQHandler
                0x08001bcc                TIM1_CC_IRQHandler
                0x08001bcc                DMA2_Stream5_IRQHandler
                0x08001bcc                DMA1_Stream5_IRQHandler
                0x08001bcc                PVD_IRQHandler
                0x08001bcc                SDIO_IRQHandler
                0x08001bcc                TAMP_STAMP_IRQHandler
                0x08001bcc                CAN2_RX1_IRQHandler
                0x08001bcc                EXTI3_IRQHandler
                0x08001bcc                TIM8_TRG_COM_TIM14_IRQHandler
                0x08001bcc                TIM1_UP_TIM10_IRQHandler
                0x08001bcc                TIM8_UP_TIM13_IRQHandler
                0x08001bcc                I2C3_ER_IRQHandler
                0x08001bcc                EXTI0_IRQHandler
                0x08001bcc                I2C2_EV_IRQHandler
                0x08001bcc                DMA1_Stream2_IRQHandler
                0x08001bcc                CAN1_RX0_IRQHandler
                0x08001bcc                FPU_IRQHandler
                0x08001bcc                OTG_HS_WKUP_IRQHandler
                0x08001bcc                CAN2_SCE_IRQHandler
                0x08001bcc                DMA2_Stream2_IRQHandler
                0x08001bcc                SPI1_IRQHandler
                0x08001bcc                TIM6_DAC_IRQHandler
                0x08001bcc                TIM1_BRK_TIM9_IRQHandler
                0x08001bcc                DCMI_IRQHandler
                0x08001bcc                CAN2_RX0_IRQHandler
                0x08001bcc                DMA2_Stream3_IRQHandler
                0x08001bcc                USART3_IRQHandler
                0x08001bcc                CRYP_IRQHandler
                0x08001bcc                CAN1_RX1_IRQHandler
                0x08001bcc                UART5_IRQHandler
                0x08001bcc                DMA2_Stream0_IRQHandler
                0x08001bcc                TIM4_IRQHandler
                0x08001bcc                I2C1_EV_IRQHandler
                0x08001bcc                DMA1_Stream6_IRQHandler
                0x08001bcc                DMA1_Stream1_IRQHandler
                0x08001bcc                UART4_IRQHandler
                0x08001bcc                TIM3_IRQHandler
                0x08001bcc                RCC_IRQHandler
                0x08001bcc                TIM8_BRK_TIM12_IRQHandler
                0x08001bcc                Default_Handler
                0x08001bcc                EXTI15_10_IRQHandler
                0x08001bcc                ADC_IRQHandler
                0x08001bcc                DMA1_Stream7_IRQHandler
                0x08001bcc                TIM7_IRQHandler
                0x08001bcc                CAN2_TX_IRQHandler
                0x08001bcc                TIM5_IRQHandler
                0x08001bcc                DMA2_Stream7_IRQHandler
                0x08001bcc                I2C3_EV_IRQHandler
                0x08001bcc                EXTI9_5_IRQHandler
                0x08001bcc                RTC_WKUP_IRQHandler
                0x08001bcc                ETH_WKUP_IRQHandler
                0x08001bcc                SPI2_IRQHandler
                0x08001bcc                OTG_HS_EP1_IN_IRQHandler
                0x08001bcc                DMA1_Stream0_IRQHandler
                0x08001bcc                CAN1_TX_IRQHandler
                0x08001bcc                EXTI4_IRQHandler
                0x08001bcc                FSMC_IRQHandler
                0x08001bcc                ETH_IRQHandler
                0x08001bcc                OTG_HS_EP1_OUT_IRQHandler
                0x08001bcc                WWDG_IRQHandler
                0x08001bcc                TIM2_IRQHandler
                0x08001bcc                OTG_FS_WKUP_IRQHandler
                0x08001bcc                TIM1_TRG_COM_TIM11_IRQHandler
                0x08001bcc                OTG_HS_IRQHandler
                0x08001bcc                EXTI1_IRQHandler
                0x08001bcc                USART2_IRQHandler
                0x08001bcc                I2C2_ER_IRQHandler
                0x08001bcc                DMA2_Stream1_IRQHandler
                0x08001bcc                CAN1_SCE_IRQHandler
                0x08001bcc                FLASH_IRQHandler
                0x08001bcc                DMA2_Stream4_IRQHandler
                0x08001bcc                USART1_IRQHandler
                0x08001bcc                OTG_FS_IRQHandler
                0x08001bcc                SPI3_IRQHandler
                0x08001bcc                DMA1_Stream4_IRQHandler
                0x08001bcc                I2C1_ER_IRQHandler
                0x08001bcc                DMA2_Stream6_IRQHandler
                0x08001bcc                DMA1_Stream3_IRQHandler
 *fill*         0x08001bce        0x2 
 .text.exit     0x08001bd0       0x20 /home/pradeep/stm32f4/gcc-arm-none-eabi-4_9-2015q3/bin/../lib/gcc/arm-none-eabi/4.9.3/../../../../arm-none-eabi/lib/armv7e-m/fpu/libg.a(lib_a-exit.o)
                0x08001bd0                exit
 .text.__libc_init_array
                0x08001bf0       0x50 /home/pradeep/stm32f4/gcc-arm-none-eabi-4_9-2015q3/bin/../lib/gcc/arm-none-eabi/4.9.3/../../../../arm-none-eabi/lib/armv7e-m/fpu/libg.a(lib_a-init.o)
                0x08001bf0                __libc_init_array
 .text.memset   0x08001c40       0x9c /home/pradeep/stm32f4/gcc-arm-none-eabi-4_9-2015q3/bin/../lib/gcc/arm-none-eabi/4.9.3/../../../../arm-none-eabi/lib/armv7e-m/fpu/libg.a(lib_a-memset.o)
                0x08001c40                memset
 .text._puts_r  0x08001cdc       0x64 /home/pradeep/stm32f4/gcc-arm-none-eabi-4_9-2015q3/bin/../lib/gcc/arm-none-eabi/4.9.3/../../../../arm-none-eabi/lib/armv7e-m/fpu/libg.a(lib_a-puts.o)
                0x08001cdc                _puts_r
 .text.puts     0x08001d40       0x10 /home/pradeep/stm32f4/gcc-arm-none-eabi-4_9-2015q3/bin/../lib/gcc/arm-none-eabi/4.9.3/../../../../arm-none-eabi/lib/armv7e-m/fpu/libg.a(lib_a-puts.o)
                0x08001d40                puts
 .text.cleanup_glue
                0x08001d50       0x1c /home/pradeep/stm32f4/gcc-arm-none-eabi-4_9-2015q3/bin/../lib/gcc/arm-none-eabi/4.9.3/../../../../arm-none-eabi/lib/armv7e-m/fpu/libg.a(lib_a-reent.o)
                0x08001d50                cleanup_glue
 .text._reclaim_reent
                0x08001d6c       0x88 /home/pradeep/stm32f4/gcc-arm-none-eabi-4_9-2015q3/bin/../lib/gcc/arm-none-eabi/4.9.3/../../../../arm-none-eabi/lib/armv7e-m/fpu/libg.a(lib_a-reent.o)
                0x08001d6c                _reclaim_reent
 .text.setvbuf  0x08001df4       0xf8 /home/pradeep/stm32f4/gcc-arm-none-eabi-4_9-2015q3/bin/../lib/gcc/arm-none-eabi/4.9.3/../../../../arm-none-eabi/lib/armv7e-m/fpu/libg.a(lib_a-setvbuf.o)
                0x08001df4                setvbuf
 .text.strlen   0x08001eec       0x5c /home/pradeep/stm32f4/gcc-arm-none-eabi-4_9-2015q3/bin/../lib/gcc/arm-none-eabi/4.9.3/../../../../arm-none-eabi/lib/armv7e-m/fpu/libg.a(lib_a-strlen.o)
                0x08001eec                strlen
 .text.startup.register_fini
                0x08001f48       0x14 /home/pradeep/stm32f4/gcc-arm-none-eabi-4_9-2015q3/bin/../lib/gcc/arm-none-eabi/4.9.3/../../../../arm-none-eabi/lib/armv7e-m/fpu/libg.a(lib_a-__call_atexit.o)
 .text.__call_exitprocs
                0x08001f5c       0xd4 /home/pradeep/stm32f4/gcc-arm-none-eabi-4_9-2015q3/bin/../lib/gcc/arm-none-eabi/4.9.3/../../../../arm-none-eabi/lib/armv7e-m/fpu/libg.a(lib_a-__call_atexit.o)
                0x08001f5c                __call_exitprocs
 .text.atexit   0x08002030        0xc /home/pradeep/stm32f4/gcc-arm-none-eabi-4_9-2015q3/bin/../lib/gcc/arm-none-eabi/4.9.3/../../../../arm-none-eabi/lib/armv7e-m/fpu/libg.a(lib_a-atexit.o)
                0x08002030                atexit
 .text.__sflush_r
                0x0800203c      0x154 /home/pradeep/stm32f4/gcc-arm-none-eabi-4_9-2015q3/bin/../lib/gcc/arm-none-eabi/4.9.3/../../../../arm-none-eabi/lib/armv7e-m/fpu/libg.a(lib_a-fflush.o)
                0x0800203c                __sflush_r
 .text._fflush_r
                0x08002190       0x2c /home/pradeep/stm32f4/gcc-arm-none-eabi-4_9-2015q3/bin/../lib/gcc/arm-none-eabi/4.9.3/../../../../arm-none-eabi/lib/armv7e-m/fpu/libg.a(lib_a-fflush.o)
                0x08002190                _fflush_r
 .text.fflush   0x080021bc       0x24 /home/pradeep/stm32f4/gcc-arm-none-eabi-4_9-2015q3/bin/../lib/gcc/arm-none-eabi/4.9.3/../../../../arm-none-eabi/lib/armv7e-m/fpu/libg.a(lib_a-fflush.o)
                0x080021bc                fflush
 .text.__fp_lock
                0x080021e0        0x4 /home/pradeep/stm32f4/gcc-arm-none-eabi-4_9-2015q3/bin/../lib/gcc/arm-none-eabi/4.9.3/../../../../arm-none-eabi/lib/armv7e-m/fpu/libg.a(lib_a-findfp.o)
 .text.__fp_unlock
                0x080021e4        0x4 /home/pradeep/stm32f4/gcc-arm-none-eabi-4_9-2015q3/bin/../lib/gcc/arm-none-eabi/4.9.3/../../../../arm-none-eabi/lib/armv7e-m/fpu/libg.a(lib_a-findfp.o)
 .text._cleanup_r
                0x080021e8        0xc /home/pradeep/stm32f4/gcc-arm-none-eabi-4_9-2015q3/bin/../lib/gcc/arm-none-eabi/4.9.3/../../../../arm-none-eabi/lib/armv7e-m/fpu/libg.a(lib_a-findfp.o)
                0x080021e8                _cleanup_r
 .text.__sinit.part.1
                0x080021f4       0xf0 /home/pradeep/stm32f4/gcc-arm-none-eabi-4_9-2015q3/bin/../lib/gcc/arm-none-eabi/4.9.3/../../../../arm-none-eabi/lib/armv7e-m/fpu/libg.a(lib_a-findfp.o)
 .text.__sfmoreglue
                0x080022e4       0x30 /home/pradeep/stm32f4/gcc-arm-none-eabi-4_9-2015q3/bin/../lib/gcc/arm-none-eabi/4.9.3/../../../../arm-none-eabi/lib/armv7e-m/fpu/libg.a(lib_a-findfp.o)
                0x080022e4                __sfmoreglue
 .text.__sfp    0x08002314       0x88 /home/pradeep/stm32f4/gcc-arm-none-eabi-4_9-2015q3/bin/../lib/gcc/arm-none-eabi/4.9.3/../../../../arm-none-eabi/lib/armv7e-m/fpu/libg.a(lib_a-findfp.o)
                0x08002314                __sfp
 .text._cleanup
                0x0800239c       0x14 /home/pradeep/stm32f4/gcc-arm-none-eabi-4_9-2015q3/bin/../lib/gcc/arm-none-eabi/4.9.3/../../../../arm-none-eabi/lib/armv7e-m/fpu/libg.a(lib_a-findfp.o)
                0x0800239c                _cleanup
 .text.__sinit  0x080023b0        0xc /home/pradeep/stm32f4/gcc-arm-none-eabi-4_9-2015q3/bin/../lib/gcc/arm-none-eabi/4.9.3/../../../../arm-none-eabi/lib/armv7e-m/fpu/libg.a(lib_a-findfp.o)
                0x080023b0                __sinit
 .text.__sfp_lock_acquire
                0x080023bc        0x4 /home/pradeep/stm32f4/gcc-arm-none-eabi-4_9-2015q3/bin/../lib/gcc/arm-none-eabi/4.9.3/../../../../arm-none-eabi/lib/armv7e-m/fpu/libg.a(lib_a-findfp.o)
                0x080023bc                __sfp_lock_acquire
 .text.__sfp_lock_release
                0x080023c0        0x4 /home/pradeep/stm32f4/gcc-arm-none-eabi-4_9-2015q3/bin/../lib/gcc/arm-none-eabi/4.9.3/../../../../arm-none-eabi/lib/armv7e-m/fpu/libg.a(lib_a-findfp.o)
                0x080023c0                __sfp_lock_release
 .text.__sinit_lock_acquire
                0x080023c4        0x4 /home/pradeep/stm32f4/gcc-arm-none-eabi-4_9-2015q3/bin/../lib/gcc/arm-none-eabi/4.9.3/../../../../arm-none-eabi/lib/armv7e-m/fpu/libg.a(lib_a-findfp.o)
                0x080023c4                __sinit_lock_acquire
 .text.__sinit_lock_release
                0x080023c8        0x4 /home/pradeep/stm32f4/gcc-arm-none-eabi-4_9-2015q3/bin/../lib/gcc/arm-none-eabi/4.9.3/../../../../arm-none-eabi/lib/armv7e-m/fpu/libg.a(lib_a-findfp.o)
                0x080023c8                __sinit_lock_release
 .text.__fp_lock_all
                0x080023cc       0x14 /home/pradeep/stm32f4/gcc-arm-none-eabi-4_9-2015q3/bin/../lib/gcc/arm-none-eabi/4.9.3/../../../../arm-none-eabi/lib/armv7e-m/fpu/libg.a(lib_a-findfp.o)
                0x080023cc                __fp_lock_all
 .text.__fp_unlock_all
                0x080023e0       0x14 /home/pradeep/stm32f4/gcc-arm-none-eabi-4_9-2015q3/bin/../lib/gcc/arm-none-eabi/4.9.3/../../../../arm-none-eabi/lib/armv7e-m/fpu/libg.a(lib_a-findfp.o)
                0x080023e0                __fp_unlock_all
 .text.__libc_fini_array
                0x080023f4       0x2c /home/pradeep/stm32f4/gcc-arm-none-eabi-4_9-2015q3/bin/../lib/gcc/arm-none-eabi/4.9.3/../../../../arm-none-eabi/lib/armv7e-m/fpu/libg.a(lib_a-fini.o)
                0x080023f4                __libc_fini_array
 .text._malloc_trim_r
                0x08002420       0x9c /home/pradeep/stm32f4/gcc-arm-none-eabi-4_9-2015q3/bin/../lib/gcc/arm-none-eabi/4.9.3/../../../../arm-none-eabi/lib/armv7e-m/fpu/libg.a(lib_a-freer.o)
                0x08002420                _malloc_trim_r
 .text._free_r  0x080024bc      0x1b0 /home/pradeep/stm32f4/gcc-arm-none-eabi-4_9-2015q3/bin/../lib/gcc/arm-none-eabi/4.9.3/../../../../arm-none-eabi/lib/armv7e-m/fpu/libg.a(lib_a-freer.o)
                0x080024bc                _free_r
 .text.__sfvwrite_r
                0x0800266c      0x318 /home/pradeep/stm32f4/gcc-arm-none-eabi-4_9-2015q3/bin/../lib/gcc/arm-none-eabi/4.9.3/../../../../arm-none-eabi/lib/armv7e-m/fpu/libg.a(lib_a-fvwrite.o)
                0x0800266c                __sfvwrite_r
 .text._fwalk   0x08002984       0x4c /home/pradeep/stm32f4/gcc-arm-none-eabi-4_9-2015q3/bin/../lib/gcc/arm-none-eabi/4.9.3/../../../../arm-none-eabi/lib/armv7e-m/fpu/libg.a(lib_a-fwalk.o)
                0x08002984                _fwalk
 .text._fwalk_reent
                0x080029d0       0x54 /home/pradeep/stm32f4/gcc-arm-none-eabi-4_9-2015q3/bin/../lib/gcc/arm-none-eabi/4.9.3/../../../../arm-none-eabi/lib/armv7e-m/fpu/libg.a(lib_a-fwalk.o)
                0x080029d0                _fwalk_reent
 .text.malloc   0x08002a24       0x10 /home/pradeep/stm32f4/gcc-arm-none-eabi-4_9-2015q3/bin/../lib/gcc/arm-none-eabi/4.9.3/../../../../arm-none-eabi/lib/armv7e-m/fpu/libg.a(lib_a-malloc.o)
                0x08002a24                malloc
 .text.free     0x08002a34       0x10 /home/pradeep/stm32f4/gcc-arm-none-eabi-4_9-2015q3/bin/../lib/gcc/arm-none-eabi/4.9.3/../../../../arm-none-eabi/lib/armv7e-m/fpu/libg.a(lib_a-malloc.o)
                0x08002a34                free
 .text._malloc_r
                0x08002a44      0x524 /home/pradeep/stm32f4/gcc-arm-none-eabi-4_9-2015q3/bin/../lib/gcc/arm-none-eabi/4.9.3/../../../../arm-none-eabi/lib/armv7e-m/fpu/libg.a(lib_a-mallocr.o)
                0x08002a44                _malloc_r
 .text.memchr   0x08002f68       0x94 /home/pradeep/stm32f4/gcc-arm-none-eabi-4_9-2015q3/bin/../lib/gcc/arm-none-eabi/4.9.3/../../../../arm-none-eabi/lib/armv7e-m/fpu/libg.a(lib_a-memchr.o)
                0x08002f68                memchr
 .text.memmove  0x08002ffc       0xc8 /home/pradeep/stm32f4/gcc-arm-none-eabi-4_9-2015q3/bin/../lib/gcc/arm-none-eabi/4.9.3/../../../../arm-none-eabi/lib/armv7e-m/fpu/libg.a(lib_a-memmove.o)
                0x08002ffc                memmove
 .text.__malloc_lock
                0x080030c4        0x4 /home/pradeep/stm32f4/gcc-arm-none-eabi-4_9-2015q3/bin/../lib/gcc/arm-none-eabi/4.9.3/../../../../arm-none-eabi/lib/armv7e-m/fpu/libg.a(lib_a-mlock.o)
                0x080030c4                __malloc_lock
 .text.__malloc_unlock
                0x080030c8        0x4 /home/pradeep/stm32f4/gcc-arm-none-eabi-4_9-2015q3/bin/../lib/gcc/arm-none-eabi/4.9.3/../../../../arm-none-eabi/lib/armv7e-m/fpu/libg.a(lib_a-mlock.o)
                0x080030c8                __malloc_unlock
 .text._realloc_r
                0x080030cc      0x3ec /home/pradeep/stm32f4/gcc-arm-none-eabi-4_9-2015q3/bin/../lib/gcc/arm-none-eabi/4.9.3/../../../../arm-none-eabi/lib/armv7e-m/fpu/libg.a(lib_a-reallocr.o)
                0x080030cc                _realloc_r
 .text._sbrk_r  0x080034b8       0x24 /home/pradeep/stm32f4/gcc-arm-none-eabi-4_9-2015q3/bin/../lib/gcc/arm-none-eabi/4.9.3/../../../../arm-none-eabi/lib/armv7e-m/fpu/libg.a(lib_a-sbrkr.o)
                0x080034b8                _sbrk_r
 .text.__sread  0x080034dc       0x24 /home/pradeep/stm32f4/gcc-arm-none-eabi-4_9-2015q3/bin/../lib/gcc/arm-none-eabi/4.9.3/../../../../arm-none-eabi/lib/armv7e-m/fpu/libg.a(lib_a-stdio.o)
                0x080034dc                __sread
 .text.__seofread
                0x08003500        0x4 /home/pradeep/stm32f4/gcc-arm-none-eabi-4_9-2015q3/bin/../lib/gcc/arm-none-eabi/4.9.3/../../../../arm-none-eabi/lib/armv7e-m/fpu/libg.a(lib_a-stdio.o)
                0x08003500                __seofread
 .text.__swrite
                0x08003504       0x38 /home/pradeep/stm32f4/gcc-arm-none-eabi-4_9-2015q3/bin/../lib/gcc/arm-none-eabi/4.9.3/../../../../arm-none-eabi/lib/armv7e-m/fpu/libg.a(lib_a-stdio.o)
                0x08003504                __swrite
 .text.__sseek  0x0800353c       0x20 /home/pradeep/stm32f4/gcc-arm-none-eabi-4_9-2015q3/bin/../lib/gcc/arm-none-eabi/4.9.3/../../../../arm-none-eabi/lib/armv7e-m/fpu/libg.a(lib_a-stdio.o)
                0x0800353c                __sseek
 .text.__sclose
                0x0800355c        0x8 /home/pradeep/stm32f4/gcc-arm-none-eabi-4_9-2015q3/bin/../lib/gcc/arm-none-eabi/4.9.3/../../../../arm-none-eabi/lib/armv7e-m/fpu/libg.a(lib_a-stdio.o)
                0x0800355c                __sclose
 .text._write_r
                0x08003564       0x28 /home/pradeep/stm32f4/gcc-arm-none-eabi-4_9-2015q3/bin/../lib/gcc/arm-none-eabi/4.9.3/../../../../arm-none-eabi/lib/armv7e-m/fpu/libg.a(lib_a-writer.o)
                0x08003564                _write_r
 .text.__swsetup_r
                0x0800358c       0xc4 /home/pradeep/stm32f4/gcc-arm-none-eabi-4_9-2015q3/bin/../lib/gcc/arm-none-eabi/4.9.3/../../../../arm-none-eabi/lib/armv7e-m/fpu/libg.a(lib_a-wsetup.o)
                0x0800358c                __swsetup_r
 .text.__register_exitproc
                0x08003650       0xa4 /home/pradeep/stm32f4/gcc-arm-none-eabi-4_9-2015q3/bin/../lib/gcc/arm-none-eabi/4.9.3/../../../../arm-none-eabi/lib/armv7e-m/fpu/libg.a(lib_a-__atexit.o)
                0x08003650                __register_exitproc
 .text._close_r
                0x080036f4       0x24 /home/pradeep/stm32f4/gcc-arm-none-eabi-4_9-2015q3/bin/../lib/gcc/arm-none-eabi/4.9.3/../../../../arm-none-eabi/lib/armv7e-m/fpu/libg.a(lib_a-closer.o)
                0x080036f4                _close_r
 .text._fclose_r
                0x08003718       0x84 /home/pradeep/stm32f4/gcc-arm-none-eabi-4_9-2015q3/bin/../lib/gcc/arm-none-eabi/4.9.3/../../../../arm-none-eabi/lib/armv7e-m/fpu/libg.a(lib_a-fclose.o)
                0x08003718                _fclose_r
 .text.fclose   0x0800379c       0x10 /home/pradeep/stm32f4/gcc-arm-none-eabi-4_9-2015q3/bin/../lib/gcc/arm-none-eabi/4.9.3/../../../../arm-none-eabi/lib/armv7e-m/fpu/libg.a(lib_a-fclose.o)
                0x0800379c                fclose
 .text._lseek_r
                0x080037ac       0x28 /home/pradeep/stm32f4/gcc-arm-none-eabi-4_9-2015q3/bin/../lib/gcc/arm-none-eabi/4.9.3/../../../../arm-none-eabi/lib/armv7e-m/fpu/libg.a(lib_a-lseekr.o)
                0x080037ac                _lseek_r
 .text.__smakebuf_r
                0x080037d4       0xe0 /home/pradeep/stm32f4/gcc-arm-none-eabi-4_9-2015q3/bin/../lib/gcc/arm-none-eabi/4.9.3/../../../../arm-none-eabi/lib/armv7e-m/fpu/libg.a(lib_a-makebuf.o)
                0x080037d4                __smakebuf_r
 .text._read_r  0x080038b4       0x28 /home/pradeep/stm32f4/gcc-arm-none-eabi-4_9-2015q3/bin/../lib/gcc/arm-none-eabi/4.9.3/../../../../arm-none-eabi/lib/armv7e-m/fpu/libg.a(lib_a-readr.o)
                0x080038b4                _read_r
 .text._fstat_r
                0x080038dc       0x28 /home/pradeep/stm32f4/gcc-arm-none-eabi-4_9-2015q3/bin/../lib/gcc/arm-none-eabi/4.9.3/../../../../arm-none-eabi/lib/armv7e-m/fpu/libg.a(lib_a-fstatr.o)
                0x080038dc                _fstat_r
 .text._isatty_r
                0x08003904       0x24 /home/pradeep/stm32f4/gcc-arm-none-eabi-4_9-2015q3/bin/../lib/gcc/arm-none-eabi/4.9.3/../../../../arm-none-eabi/lib/armv7e-m/fpu/libg.a(lib_a-isattyr.o)
                0x08003904                _isatty_r
 *(.rodata)
 *(.rodata*)
 .rodata.str1.4
                0x08003928       0x53 /tmp/ccu3usiG.o
 *fill*         0x0800397b        0x1 
 .rodata.str1.4
                0x0800397c       0x22 /tmp/ccpoGD83.o
 *fill*         0x0800399e        0x2 
 .rodata.str1.4
                0x080039a0        0x2 /home/pradeep/stm32f4/gcc-arm-none-eabi-4_9-2015q3/bin/../lib/gcc/arm-none-eabi/4.9.3/../../../../arm-none-eabi/lib/armv7e-m/fpu/libg.a(lib_a-impure.o)
 *fill*         0x080039a2        0x2 
 .rodata._global_impure_ptr
                0x080039a4        0x4 /home/pradeep/stm32f4/gcc-arm-none-eabi-4_9-2015q3/bin/../lib/gcc/arm-none-eabi/4.9.3/../../../../arm-none-eabi/lib/armv7e-m/fpu/libg.a(lib_a-impure.o)
                0x080039a4                _global_impure_ptr
 .rodata.str1.4
                0x00000000        0x4 /home/pradeep/stm32f4/gcc-arm-none-eabi-4_9-2015q3/bin/../lib/gcc/arm-none-eabi/4.9.3/../../../../arm-none-eabi/lib/armv7e-m/fpu/libg.a(lib_a-puts.o)
                                  0x2 (size before relaxing)
 *(.glue_7)
 .glue_7        0x00000000        0x0 linker stubs
 *(.glue_7t)
 .glue_7t       0x00000000        0x0 linker stubs
 *(.eh_frame)
 .eh_frame      0x080039a8        0x0 /home/pradeep/stm32f4/gcc-arm-none-eabi-4_9-2015q3/bin/../lib/gcc/arm-none-eabi/4.9.3/armv7e-m/fpu/crtbegin.o
 .eh_frame      0x080039a8        0x4 /home/pradeep/stm32f4/gcc-arm-none-eabi-4_9-2015q3/bin/../lib/gcc/arm-none-eabi/4.9.3/armv7e-m/fpu/crtend.o
 *(.init)
 .init          0x080039ac        0x4 /home/pradeep/stm32f4/gcc-arm-none-eabi-4_9-2015q3/bin/../lib/gcc/arm-none-eabi/4.9.3/armv7e-m/fpu/crti.o
                0x080039ac                _init
 .init          0x080039b0        0x8 /home/pradeep/stm32f4/gcc-arm-none-eabi-4_9-2015q3/bin/../lib/gcc/arm-none-eabi/4.9.3/armv7e-m/fpu/crtn.o
 *(.fini)
 .fini          0x080039b8        0x4 /home/pradeep/stm32f4/gcc-arm-none-eabi-4_9-2015q3/bin/../lib/gcc/arm-none-eabi/4.9.3/armv7e-m/fpu/crti.o
                0x080039b8                _fini
 .fini          0x080039bc        0x8 /home/pradeep/stm32f4/gcc-arm-none-eabi-4_9-2015q3/bin/../lib/gcc/arm-none-eabi/4.9.3/armv7e-m/fpu/crtn.o
                0x080039c4                . = ALIGN (0x4)
                0x080039c4                _etext = .
                0x080039c4                _exit = .

.vfp11_veneer   0x080039c4        0x0
 .vfp11_veneer  0x00000000        0x0 linker stubs

.v4_bx          0x080039c4        0x0
 .v4_bx         0x00000000        0x0 linker stubs

.iplt           0x080039c4        0x0
 .iplt          0x00000000        0x0 /home/pradeep/stm32f4/gcc-arm-none-eabi-4_9-2015q3/bin/../lib/gcc/arm-none-eabi/4.9.3/armv7e-m/fpu/crtbegin.o

.ARM.extab      0x080039c4        0x0
 *(.ARM.extab* .gnu.linkonce.armextab.*)
 .ARM.extab     0x080039c4        0x0 /home/pradeep/stm32f4/gcc-arm-none-eabi-4_9-2015q3/bin/../lib/gcc/arm-none-eabi/4.9.3/../../../../arm-none-eabi/lib/armv7e-m/fpu/crt0.o

.ARM            0x080039c4        0x8
                0x080039c4                __exidx_start = .
 *(.ARM.exidx*)
 .ARM.exidx     0x080039c4        0x8 /home/pradeep/stm32f4/gcc-arm-none-eabi-4_9-2015q3/bin/../lib/gcc/arm-none-eabi/4.9.3/../../../../arm-none-eabi/lib/armv7e-m/fpu/crt0.o
                0x080039cc                __exidx_end = .

.rel.dyn        0x080039cc        0x0
 .rel.iplt      0x00000000        0x0 /home/pradeep/stm32f4/gcc-arm-none-eabi-4_9-2015q3/bin/../lib/gcc/arm-none-eabi/4.9.3/armv7e-m/fpu/crtbegin.o

.preinit_array  0x080039cc        0x0
                0x080039cc                PROVIDE (__preinit_array_start, .)
 *(.preinit_array*)
                0x080039cc                PROVIDE (__preinit_array_end, .)

.init_array     0x080039cc        0x8
                0x080039cc                PROVIDE (__init_array_start, .)
 *(SORT(.init_array.*))
 .init_array.00000
                0x080039cc        0x4 /home/pradeep/stm32f4/gcc-arm-none-eabi-4_9-2015q3/bin/../lib/gcc/arm-none-eabi/4.9.3/../../../../arm-none-eabi/lib/armv7e-m/fpu/libg.a(lib_a-__call_atexit.o)
 *(.init_array*)
 .init_array    0x080039d0        0x4 /home/pradeep/stm32f4/gcc-arm-none-eabi-4_9-2015q3/bin/../lib/gcc/arm-none-eabi/4.9.3/armv7e-m/fpu/crtbegin.o
                0x080039d4                PROVIDE (__init_array_end, .)

.fini_array     0x080039d4        0x4
                0x080039d4                PROVIDE (__fini_array_start, .)
 *(.fini_array*)
 .fini_array    0x080039d4        0x4 /home/pradeep/stm32f4/gcc-arm-none-eabi-4_9-2015q3/bin/../lib/gcc/arm-none-eabi/4.9.3/armv7e-m/fpu/crtbegin.o
 *(SORT(.fini_array.*))
                0x080039d8                PROVIDE (__fini_array_end, .)
                0x080039d8                _sidata = .

.data           0x20000000      0xf0c load address 0x080039d8
                0x20000000                . = ALIGN (0x4)
                0x20000000                _sdata = .
 *(.data)
 .data          0x20000000        0x0 /home/pradeep/stm32f4/gcc-arm-none-eabi-4_9-2015q3/bin/../lib/gcc/arm-none-eabi/4.9.3/armv7e-m/fpu/crti.o
 .data          0x20000000        0x4 /home/pradeep/stm32f4/gcc-arm-none-eabi-4_9-2015q3/bin/../lib/gcc/arm-none-eabi/4.9.3/armv7e-m/fpu/crtbegin.o
                0x20000000                __dso_handle
 .data          0x20000004        0x0 /home/pradeep/stm32f4/gcc-arm-none-eabi-4_9-2015q3/bin/../lib/gcc/arm-none-eabi/4.9.3/../../../../arm-none-eabi/lib/armv7e-m/fpu/crt0.o
 .data          0x20000004        0x0 /tmp/ccu3usiG.o
 .data          0x20000004       0x14 /tmp/ccEz72BM.o
                0x20000004                AHBPrescTable
                0x20000014                SystemCoreClock
 .data          0x20000018        0x0 /tmp/ccNcQKyf.o
 .data          0x20000018        0x0 /tmp/ccZgTuwj.o
 .data          0x20000018        0x4 /tmp/ccpoGD83.o
                0x20000018                environ
 .data          0x2000001c      0x69f /tmp/ccQtOroH.o
                0x2000001c                HelloMP3
 .data          0x200006bb        0x0 /tmp/cc2WVRRR.o
 .data          0x200006bb        0x0 /tmp/ccwN4sAQ.o
 .data          0x200006bb        0x0 /tmp/ccyRBDsQ.o
 *fill*         0x200006bb        0x1 
 .data          0x200006bc       0x10 lib/libstm32f4.a(stm32f4xx_rcc.o)
 .data          0x200006cc        0x0 lib/libstm32f4.a(stm32f4xx_gpio.o)
 .data          0x200006cc        0x0 lib/libstm32f4.a(stm32f4xx_spi.o)
 .data          0x200006cc        0x0 lib/libstm32f4.a(stm32f4xx_usart.o)
 .data          0x200006cc        0x0 /home/pradeep/stm32f4/gcc-arm-none-eabi-4_9-2015q3/bin/../lib/gcc/arm-none-eabi/4.9.3/../../../../arm-none-eabi/lib/armv7e-m/fpu/libg.a(lib_a-exit.o)
 .data          0x200006cc        0x0 /home/pradeep/stm32f4/gcc-arm-none-eabi-4_9-2015q3/bin/../lib/gcc/arm-none-eabi/4.9.3/../../../../arm-none-eabi/lib/armv7e-m/fpu/libg.a(lib_a-impure.o)
 .data          0x200006cc        0x0 /home/pradeep/stm32f4/gcc-arm-none-eabi-4_9-2015q3/bin/../lib/gcc/arm-none-eabi/4.9.3/../../../../arm-none-eabi/lib/armv7e-m/fpu/libg.a(lib_a-init.o)
 .data          0x200006cc        0x0 /home/pradeep/stm32f4/gcc-arm-none-eabi-4_9-2015q3/bin/../lib/gcc/arm-none-eabi/4.9.3/../../../../arm-none-eabi/lib/armv7e-m/fpu/libg.a(lib_a-memset.o)
 .data          0x200006cc        0x0 /home/pradeep/stm32f4/gcc-arm-none-eabi-4_9-2015q3/bin/../lib/gcc/arm-none-eabi/4.9.3/../../../../arm-none-eabi/lib/armv7e-m/fpu/libg.a(lib_a-puts.o)
 .data          0x200006cc        0x0 /home/pradeep/stm32f4/gcc-arm-none-eabi-4_9-2015q3/bin/../lib/gcc/arm-none-eabi/4.9.3/../../../../arm-none-eabi/lib/armv7e-m/fpu/libg.a(lib_a-reent.o)
 .data          0x200006cc        0x0 /home/pradeep/stm32f4/gcc-arm-none-eabi-4_9-2015q3/bin/../lib/gcc/arm-none-eabi/4.9.3/../../../../arm-none-eabi/lib/armv7e-m/fpu/libg.a(lib_a-setvbuf.o)
 .data          0x200006cc        0x0 /home/pradeep/stm32f4/gcc-arm-none-eabi-4_9-2015q3/bin/../lib/gcc/arm-none-eabi/4.9.3/../../../../arm-none-eabi/lib/armv7e-m/fpu/libg.a(lib_a-strlen.o)
 .data          0x200006cc        0x0 /home/pradeep/stm32f4/gcc-arm-none-eabi-4_9-2015q3/bin/../lib/gcc/arm-none-eabi/4.9.3/../../../../arm-none-eabi/lib/armv7e-m/fpu/libg.a(lib_a-__call_atexit.o)
 .data          0x200006cc        0x0 /home/pradeep/stm32f4/gcc-arm-none-eabi-4_9-2015q3/bin/../lib/gcc/arm-none-eabi/4.9.3/../../../../arm-none-eabi/lib/armv7e-m/fpu/libg.a(lib_a-atexit.o)
 .data          0x200006cc        0x0 /home/pradeep/stm32f4/gcc-arm-none-eabi-4_9-2015q3/bin/../lib/gcc/arm-none-eabi/4.9.3/../../../../arm-none-eabi/lib/armv7e-m/fpu/libg.a(lib_a-fflush.o)
 .data          0x200006cc        0x0 /home/pradeep/stm32f4/gcc-arm-none-eabi-4_9-2015q3/bin/../lib/gcc/arm-none-eabi/4.9.3/../../../../arm-none-eabi/lib/armv7e-m/fpu/libg.a(lib_a-findfp.o)
 .data          0x200006cc        0x0 /home/pradeep/stm32f4/gcc-arm-none-eabi-4_9-2015q3/bin/../lib/gcc/arm-none-eabi/4.9.3/../../../../arm-none-eabi/lib/armv7e-m/fpu/libg.a(lib_a-fini.o)
 .data          0x200006cc        0x0 /home/pradeep/stm32f4/gcc-arm-none-eabi-4_9-2015q3/bin/../lib/gcc/arm-none-eabi/4.9.3/../../../../arm-none-eabi/lib/armv7e-m/fpu/libg.a(lib_a-freer.o)
 .data          0x200006cc        0x0 /home/pradeep/stm32f4/gcc-arm-none-eabi-4_9-2015q3/bin/../lib/gcc/arm-none-eabi/4.9.3/../../../../arm-none-eabi/lib/armv7e-m/fpu/libg.a(lib_a-fvwrite.o)
 .data          0x200006cc        0x0 /home/pradeep/stm32f4/gcc-arm-none-eabi-4_9-2015q3/bin/../lib/gcc/arm-none-eabi/4.9.3/../../../../arm-none-eabi/lib/armv7e-m/fpu/libg.a(lib_a-fwalk.o)
 .data          0x200006cc        0x0 /home/pradeep/stm32f4/gcc-arm-none-eabi-4_9-2015q3/bin/../lib/gcc/arm-none-eabi/4.9.3/../../../../arm-none-eabi/lib/armv7e-m/fpu/libg.a(lib_a-malloc.o)
 .data          0x200006cc        0x0 /home/pradeep/stm32f4/gcc-arm-none-eabi-4_9-2015q3/bin/../lib/gcc/arm-none-eabi/4.9.3/../../../../arm-none-eabi/lib/armv7e-m/fpu/libg.a(lib_a-mallocr.o)
 .data          0x200006cc        0x0 /home/pradeep/stm32f4/gcc-arm-none-eabi-4_9-2015q3/bin/../lib/gcc/arm-none-eabi/4.9.3/../../../../arm-none-eabi/lib/armv7e-m/fpu/libg.a(lib_a-memchr.o)
 .data          0x200006cc        0x0 /home/pradeep/stm32f4/gcc-arm-none-eabi-4_9-2015q3/bin/../lib/gcc/arm-none-eabi/4.9.3/../../../../arm-none-eabi/lib/armv7e-m/fpu/libg.a(lib_a-memcpy.o)
 .data          0x200006cc        0x0 /home/pradeep/stm32f4/gcc-arm-none-eabi-4_9-2015q3/bin/../lib/gcc/arm-none-eabi/4.9.3/../../../../arm-none-eabi/lib/armv7e-m/fpu/libg.a(lib_a-memmove.o)
 .data          0x200006cc        0x0 /home/pradeep/stm32f4/gcc-arm-none-eabi-4_9-2015q3/bin/../lib/gcc/arm-none-eabi/4.9.3/../../../../arm-none-eabi/lib/armv7e-m/fpu/libg.a(lib_a-mlock.o)
 .data          0x200006cc        0x0 /home/pradeep/stm32f4/gcc-arm-none-eabi-4_9-2015q3/bin/../lib/gcc/arm-none-eabi/4.9.3/../../../../arm-none-eabi/lib/armv7e-m/fpu/libg.a(lib_a-reallocr.o)
 .data          0x200006cc        0x0 /home/pradeep/stm32f4/gcc-arm-none-eabi-4_9-2015q3/bin/../lib/gcc/arm-none-eabi/4.9.3/../../../../arm-none-eabi/lib/armv7e-m/fpu/libg.a(lib_a-sbrkr.o)
 .data          0x200006cc        0x0 /home/pradeep/stm32f4/gcc-arm-none-eabi-4_9-2015q3/bin/../lib/gcc/arm-none-eabi/4.9.3/../../../../arm-none-eabi/lib/armv7e-m/fpu/libg.a(lib_a-stdio.o)
 .data          0x200006cc        0x0 /home/pradeep/stm32f4/gcc-arm-none-eabi-4_9-2015q3/bin/../lib/gcc/arm-none-eabi/4.9.3/../../../../arm-none-eabi/lib/armv7e-m/fpu/libg.a(lib_a-writer.o)
 .data          0x200006cc        0x0 /home/pradeep/stm32f4/gcc-arm-none-eabi-4_9-2015q3/bin/../lib/gcc/arm-none-eabi/4.9.3/../../../../arm-none-eabi/lib/armv7e-m/fpu/libg.a(lib_a-wsetup.o)
 .data          0x200006cc        0x0 /home/pradeep/stm32f4/gcc-arm-none-eabi-4_9-2015q3/bin/../lib/gcc/arm-none-eabi/4.9.3/../../../../arm-none-eabi/lib/armv7e-m/fpu/libg.a(lib_a-__atexit.o)
 .data          0x200006cc        0x0 /home/pradeep/stm32f4/gcc-arm-none-eabi-4_9-2015q3/bin/../lib/gcc/arm-none-eabi/4.9.3/../../../../arm-none-eabi/lib/armv7e-m/fpu/libg.a(lib_a-closer.o)
 .data          0x200006cc        0x0 /home/pradeep/stm32f4/gcc-arm-none-eabi-4_9-2015q3/bin/../lib/gcc/arm-none-eabi/4.9.3/../../../../arm-none-eabi/lib/armv7e-m/fpu/libg.a(lib_a-fclose.o)
 .data          0x200006cc        0x0 /home/pradeep/stm32f4/gcc-arm-none-eabi-4_9-2015q3/bin/../lib/gcc/arm-none-eabi/4.9.3/../../../../arm-none-eabi/lib/armv7e-m/fpu/libg.a(lib_a-lseekr.o)
 .data          0x200006cc        0x0 /home/pradeep/stm32f4/gcc-arm-none-eabi-4_9-2015q3/bin/../lib/gcc/arm-none-eabi/4.9.3/../../../../arm-none-eabi/lib/armv7e-m/fpu/libg.a(lib_a-makebuf.o)
 .data          0x200006cc        0x0 /home/pradeep/stm32f4/gcc-arm-none-eabi-4_9-2015q3/bin/../lib/gcc/arm-none-eabi/4.9.3/../../../../arm-none-eabi/lib/armv7e-m/fpu/libg.a(lib_a-readr.o)
 .data          0x200006cc        0x0 /home/pradeep/stm32f4/gcc-arm-none-eabi-4_9-2015q3/bin/../lib/gcc/arm-none-eabi/4.9.3/../../../../arm-none-eabi/lib/armv7e-m/fpu/libg.a(lib_a-fstatr.o)
 .data          0x200006cc        0x0 /home/pradeep/stm32f4/gcc-arm-none-eabi-4_9-2015q3/bin/../lib/gcc/arm-none-eabi/4.9.3/../../../../arm-none-eabi/lib/armv7e-m/fpu/libg.a(lib_a-isattyr.o)
 .data          0x200006cc        0x0 /home/pradeep/stm32f4/gcc-arm-none-eabi-4_9-2015q3/bin/../lib/gcc/arm-none-eabi/4.9.3/armv7e-m/fpu/crtend.o
 .data          0x200006cc        0x0 /home/pradeep/stm32f4/gcc-arm-none-eabi-4_9-2015q3/bin/../lib/gcc/arm-none-eabi/4.9.3/armv7e-m/fpu/crtn.o
 *(.data*)
 *fill*         0x200006cc        0x4 
 .data.impure_data
                0x200006d0      0x428 /home/pradeep/stm32f4/gcc-arm-none-eabi-4_9-2015q3/bin/../lib/gcc/arm-none-eabi/4.9.3/../../../../arm-none-eabi/lib/armv7e-m/fpu/libg.a(lib_a-impure.o)
 .data._impure_ptr
                0x20000af8        0x4 /home/pradeep/stm32f4/gcc-arm-none-eabi-4_9-2015q3/bin/../lib/gcc/arm-none-eabi/4.9.3/../../../../arm-none-eabi/lib/armv7e-m/fpu/libg.a(lib_a-impure.o)
                0x20000af8                _impure_ptr
 .data.__malloc_av_
                0x20000afc      0x408 /home/pradeep/stm32f4/gcc-arm-none-eabi-4_9-2015q3/bin/../lib/gcc/arm-none-eabi/4.9.3/../../../../arm-none-eabi/lib/armv7e-m/fpu/libg.a(lib_a-mallocr.o)
                0x20000afc                __malloc_av_
 .data.__malloc_trim_threshold
                0x20000f04        0x4 /home/pradeep/stm32f4/gcc-arm-none-eabi-4_9-2015q3/bin/../lib/gcc/arm-none-eabi/4.9.3/../../../../arm-none-eabi/lib/armv7e-m/fpu/libg.a(lib_a-mallocr.o)
                0x20000f04                __malloc_trim_threshold
 .data.__malloc_sbrk_base
                0x20000f08        0x4 /home/pradeep/stm32f4/gcc-arm-none-eabi-4_9-2015q3/bin/../lib/gcc/arm-none-eabi/4.9.3/../../../../arm-none-eabi/lib/armv7e-m/fpu/libg.a(lib_a-mallocr.o)
                0x20000f08                __malloc_sbrk_base
                0x20000f0c                . = ALIGN (0x4)
                0x20000f0c                _edata = .

.jcr            0x20000f0c        0x4 load address 0x080048e4
 .jcr           0x20000f0c        0x0 /home/pradeep/stm32f4/gcc-arm-none-eabi-4_9-2015q3/bin/../lib/gcc/arm-none-eabi/4.9.3/armv7e-m/fpu/crtbegin.o
 .jcr           0x20000f0c        0x4 /home/pradeep/stm32f4/gcc-arm-none-eabi-4_9-2015q3/bin/../lib/gcc/arm-none-eabi/4.9.3/armv7e-m/fpu/crtend.o

.igot.plt       0x20000f10        0x0 load address 0x080048e8
 .igot.plt      0x00000000        0x0 /home/pradeep/stm32f4/gcc-arm-none-eabi-4_9-2015q3/bin/../lib/gcc/arm-none-eabi/4.9.3/armv7e-m/fpu/crtbegin.o
                0x20000f10                . = ALIGN (0x4)

.bss            0x20000f10       0x70 load address 0x080048e8
                0x20000f10                _sbss = .
                0x20000f10                __bss_start__ = _sbss
 *(.bss)
 .bss           0x20000f10        0x0 /home/pradeep/stm32f4/gcc-arm-none-eabi-4_9-2015q3/bin/../lib/gcc/arm-none-eabi/4.9.3/armv7e-m/fpu/crti.o
 .bss           0x20000f10       0x1c /home/pradeep/stm32f4/gcc-arm-none-eabi-4_9-2015q3/bin/../lib/gcc/arm-none-eabi/4.9.3/armv7e-m/fpu/crtbegin.o
 .bss           0x20000f2c        0x0 /home/pradeep/stm32f4/gcc-arm-none-eabi-4_9-2015q3/bin/../lib/gcc/arm-none-eabi/4.9.3/../../../../arm-none-eabi/lib/armv7e-m/fpu/crt0.o
 .bss           0x20000f2c       0x14 /tmp/ccu3usiG.o
                0x20000f2c                DelayTimer
                0x20000f30                oneSecTimer
                0x20000f34                oneSecAction
                0x20000f38                i
                0x20000f3c                testCounter
 .bss           0x20000f40        0x0 /tmp/ccEz72BM.o
 .bss           0x20000f40        0x0 /tmp/ccNcQKyf.o
 .bss           0x20000f40        0x0 /tmp/ccZgTuwj.o
 .bss           0x20000f40        0x8 /tmp/ccpoGD83.o
                0x20000f44                __env
 .bss           0x20000f48        0x0 /tmp/ccQtOroH.o
 .bss           0x20000f48        0x0 /tmp/cc2WVRRR.o
 .bss           0x20000f48        0x0 /tmp/ccwN4sAQ.o
 .bss           0x20000f48        0x0 /tmp/ccyRBDsQ.o
 .bss           0x20000f48        0x0 lib/libstm32f4.a(stm32f4xx_rcc.o)
 .bss           0x20000f48        0x0 lib/libstm32f4.a(stm32f4xx_gpio.o)
 .bss           0x20000f48        0x0 lib/libstm32f4.a(stm32f4xx_spi.o)
 .bss           0x20000f48        0x0 lib/libstm32f4.a(stm32f4xx_usart.o)
 .bss           0x20000f48        0x0 /home/pradeep/stm32f4/gcc-arm-none-eabi-4_9-2015q3/bin/../lib/gcc/arm-none-eabi/4.9.3/../../../../arm-none-eabi/lib/armv7e-m/fpu/libg.a(lib_a-exit.o)
 .bss           0x20000f48        0x0 /home/pradeep/stm32f4/gcc-arm-none-eabi-4_9-2015q3/bin/../lib/gcc/arm-none-eabi/4.9.3/../../../../arm-none-eabi/lib/armv7e-m/fpu/libg.a(lib_a-impure.o)
 .bss           0x20000f48        0x0 /home/pradeep/stm32f4/gcc-arm-none-eabi-4_9-2015q3/bin/../lib/gcc/arm-none-eabi/4.9.3/../../../../arm-none-eabi/lib/armv7e-m/fpu/libg.a(lib_a-init.o)
 .bss           0x20000f48        0x0 /home/pradeep/stm32f4/gcc-arm-none-eabi-4_9-2015q3/bin/../lib/gcc/arm-none-eabi/4.9.3/../../../../arm-none-eabi/lib/armv7e-m/fpu/libg.a(lib_a-memset.o)
 .bss           0x20000f48        0x0 /home/pradeep/stm32f4/gcc-arm-none-eabi-4_9-2015q3/bin/../lib/gcc/arm-none-eabi/4.9.3/../../../../arm-none-eabi/lib/armv7e-m/fpu/libg.a(lib_a-puts.o)
 .bss           0x20000f48        0x0 /home/pradeep/stm32f4/gcc-arm-none-eabi-4_9-2015q3/bin/../lib/gcc/arm-none-eabi/4.9.3/../../../../arm-none-eabi/lib/armv7e-m/fpu/libg.a(lib_a-reent.o)
 .bss           0x20000f48        0x0 /home/pradeep/stm32f4/gcc-arm-none-eabi-4_9-2015q3/bin/../lib/gcc/arm-none-eabi/4.9.3/../../../../arm-none-eabi/lib/armv7e-m/fpu/libg.a(lib_a-setvbuf.o)
 .bss           0x20000f48        0x0 /home/pradeep/stm32f4/gcc-arm-none-eabi-4_9-2015q3/bin/../lib/gcc/arm-none-eabi/4.9.3/../../../../arm-none-eabi/lib/armv7e-m/fpu/libg.a(lib_a-strlen.o)
 .bss           0x20000f48        0x0 /home/pradeep/stm32f4/gcc-arm-none-eabi-4_9-2015q3/bin/../lib/gcc/arm-none-eabi/4.9.3/../../../../arm-none-eabi/lib/armv7e-m/fpu/libg.a(lib_a-__call_atexit.o)
 .bss           0x20000f48        0x0 /home/pradeep/stm32f4/gcc-arm-none-eabi-4_9-2015q3/bin/../lib/gcc/arm-none-eabi/4.9.3/../../../../arm-none-eabi/lib/armv7e-m/fpu/libg.a(lib_a-atexit.o)
 .bss           0x20000f48        0x0 /home/pradeep/stm32f4/gcc-arm-none-eabi-4_9-2015q3/bin/../lib/gcc/arm-none-eabi/4.9.3/../../../../arm-none-eabi/lib/armv7e-m/fpu/libg.a(lib_a-fflush.o)
 .bss           0x20000f48        0x0 /home/pradeep/stm32f4/gcc-arm-none-eabi-4_9-2015q3/bin/../lib/gcc/arm-none-eabi/4.9.3/../../../../arm-none-eabi/lib/armv7e-m/fpu/libg.a(lib_a-findfp.o)
 .bss           0x20000f48        0x0 /home/pradeep/stm32f4/gcc-arm-none-eabi-4_9-2015q3/bin/../lib/gcc/arm-none-eabi/4.9.3/../../../../arm-none-eabi/lib/armv7e-m/fpu/libg.a(lib_a-fini.o)
 .bss           0x20000f48        0x0 /home/pradeep/stm32f4/gcc-arm-none-eabi-4_9-2015q3/bin/../lib/gcc/arm-none-eabi/4.9.3/../../../../arm-none-eabi/lib/armv7e-m/fpu/libg.a(lib_a-freer.o)
 .bss           0x20000f48        0x0 /home/pradeep/stm32f4/gcc-arm-none-eabi-4_9-2015q3/bin/../lib/gcc/arm-none-eabi/4.9.3/../../../../arm-none-eabi/lib/armv7e-m/fpu/libg.a(lib_a-fvwrite.o)
 .bss           0x20000f48        0x0 /home/pradeep/stm32f4/gcc-arm-none-eabi-4_9-2015q3/bin/../lib/gcc/arm-none-eabi/4.9.3/../../../../arm-none-eabi/lib/armv7e-m/fpu/libg.a(lib_a-fwalk.o)
 .bss           0x20000f48        0x0 /home/pradeep/stm32f4/gcc-arm-none-eabi-4_9-2015q3/bin/../lib/gcc/arm-none-eabi/4.9.3/../../../../arm-none-eabi/lib/armv7e-m/fpu/libg.a(lib_a-malloc.o)
 .bss           0x20000f48        0x0 /home/pradeep/stm32f4/gcc-arm-none-eabi-4_9-2015q3/bin/../lib/gcc/arm-none-eabi/4.9.3/../../../../arm-none-eabi/lib/armv7e-m/fpu/libg.a(lib_a-mallocr.o)
 .bss           0x20000f48        0x0 /home/pradeep/stm32f4/gcc-arm-none-eabi-4_9-2015q3/bin/../lib/gcc/arm-none-eabi/4.9.3/../../../../arm-none-eabi/lib/armv7e-m/fpu/libg.a(lib_a-memchr.o)
 .bss           0x20000f48        0x0 /home/pradeep/stm32f4/gcc-arm-none-eabi-4_9-2015q3/bin/../lib/gcc/arm-none-eabi/4.9.3/../../../../arm-none-eabi/lib/armv7e-m/fpu/libg.a(lib_a-memcpy.o)
 .bss           0x20000f48        0x0 /home/pradeep/stm32f4/gcc-arm-none-eabi-4_9-2015q3/bin/../lib/gcc/arm-none-eabi/4.9.3/../../../../arm-none-eabi/lib/armv7e-m/fpu/libg.a(lib_a-memmove.o)
 .bss           0x20000f48        0x0 /home/pradeep/stm32f4/gcc-arm-none-eabi-4_9-2015q3/bin/../lib/gcc/arm-none-eabi/4.9.3/../../../../arm-none-eabi/lib/armv7e-m/fpu/libg.a(lib_a-mlock.o)
 .bss           0x20000f48        0x0 /home/pradeep/stm32f4/gcc-arm-none-eabi-4_9-2015q3/bin/../lib/gcc/arm-none-eabi/4.9.3/../../../../arm-none-eabi/lib/armv7e-m/fpu/libg.a(lib_a-reallocr.o)
 .bss           0x20000f48        0x0 /home/pradeep/stm32f4/gcc-arm-none-eabi-4_9-2015q3/bin/../lib/gcc/arm-none-eabi/4.9.3/../../../../arm-none-eabi/lib/armv7e-m/fpu/libg.a(lib_a-sbrkr.o)
 .bss           0x20000f48        0x0 /home/pradeep/stm32f4/gcc-arm-none-eabi-4_9-2015q3/bin/../lib/gcc/arm-none-eabi/4.9.3/../../../../arm-none-eabi/lib/armv7e-m/fpu/libg.a(lib_a-stdio.o)
 .bss           0x20000f48        0x0 /home/pradeep/stm32f4/gcc-arm-none-eabi-4_9-2015q3/bin/../lib/gcc/arm-none-eabi/4.9.3/../../../../arm-none-eabi/lib/armv7e-m/fpu/libg.a(lib_a-writer.o)
 .bss           0x20000f48        0x0 /home/pradeep/stm32f4/gcc-arm-none-eabi-4_9-2015q3/bin/../lib/gcc/arm-none-eabi/4.9.3/../../../../arm-none-eabi/lib/armv7e-m/fpu/libg.a(lib_a-wsetup.o)
 .bss           0x20000f48        0x0 /home/pradeep/stm32f4/gcc-arm-none-eabi-4_9-2015q3/bin/../lib/gcc/arm-none-eabi/4.9.3/../../../../arm-none-eabi/lib/armv7e-m/fpu/libg.a(lib_a-__atexit.o)
 .bss           0x20000f48        0x0 /home/pradeep/stm32f4/gcc-arm-none-eabi-4_9-2015q3/bin/../lib/gcc/arm-none-eabi/4.9.3/../../../../arm-none-eabi/lib/armv7e-m/fpu/libg.a(lib_a-closer.o)
 .bss           0x20000f48        0x0 /home/pradeep/stm32f4/gcc-arm-none-eabi-4_9-2015q3/bin/../lib/gcc/arm-none-eabi/4.9.3/../../../../arm-none-eabi/lib/armv7e-m/fpu/libg.a(lib_a-fclose.o)
 .bss           0x20000f48        0x0 /home/pradeep/stm32f4/gcc-arm-none-eabi-4_9-2015q3/bin/../lib/gcc/arm-none-eabi/4.9.3/../../../../arm-none-eabi/lib/armv7e-m/fpu/libg.a(lib_a-lseekr.o)
 .bss           0x20000f48        0x0 /home/pradeep/stm32f4/gcc-arm-none-eabi-4_9-2015q3/bin/../lib/gcc/arm-none-eabi/4.9.3/../../../../arm-none-eabi/lib/armv7e-m/fpu/libg.a(lib_a-makebuf.o)
 .bss           0x20000f48        0x0 /home/pradeep/stm32f4/gcc-arm-none-eabi-4_9-2015q3/bin/../lib/gcc/arm-none-eabi/4.9.3/../../../../arm-none-eabi/lib/armv7e-m/fpu/libg.a(lib_a-readr.o)
 .bss           0x20000f48        0x0 /home/pradeep/stm32f4/gcc-arm-none-eabi-4_9-2015q3/bin/../lib/gcc/arm-none-eabi/4.9.3/../../../../arm-none-eabi/lib/armv7e-m/fpu/libg.a(lib_a-fstatr.o)
 .bss           0x20000f48        0x0 /home/pradeep/stm32f4/gcc-arm-none-eabi-4_9-2015q3/bin/../lib/gcc/arm-none-eabi/4.9.3/../../../../arm-none-eabi/lib/armv7e-m/fpu/libg.a(lib_a-isattyr.o)
 .bss           0x20000f48        0x0 /home/pradeep/stm32f4/gcc-arm-none-eabi-4_9-2015q3/bin/../lib/gcc/arm-none-eabi/4.9.3/armv7e-m/fpu/crtend.o
 .bss           0x20000f48        0x0 /home/pradeep/stm32f4/gcc-arm-none-eabi-4_9-2015q3/bin/../lib/gcc/arm-none-eabi/4.9.3/armv7e-m/fpu/crtn.o
 *(.bss*)
 .bss.__malloc_max_total_mem
                0x20000f48        0x4 /home/pradeep/stm32f4/gcc-arm-none-eabi-4_9-2015q3/bin/../lib/gcc/arm-none-eabi/4.9.3/../../../../arm-none-eabi/lib/armv7e-m/fpu/libg.a(lib_a-mallocr.o)
                0x20000f48                __malloc_max_total_mem
 .bss.__malloc_max_sbrked_mem
                0x20000f4c        0x4 /home/pradeep/stm32f4/gcc-arm-none-eabi-4_9-2015q3/bin/../lib/gcc/arm-none-eabi/4.9.3/../../../../arm-none-eabi/lib/armv7e-m/fpu/libg.a(lib_a-mallocr.o)
                0x20000f4c                __malloc_max_sbrked_mem
 .bss.__malloc_top_pad
                0x20000f50        0x4 /home/pradeep/stm32f4/gcc-arm-none-eabi-4_9-2015q3/bin/../lib/gcc/arm-none-eabi/4.9.3/../../../../arm-none-eabi/lib/armv7e-m/fpu/libg.a(lib_a-mallocr.o)
                0x20000f50                __malloc_top_pad
 .bss.__malloc_current_mallinfo
                0x20000f54       0x28 /home/pradeep/stm32f4/gcc-arm-none-eabi-4_9-2015q3/bin/../lib/gcc/arm-none-eabi/4.9.3/../../../../arm-none-eabi/lib/armv7e-m/fpu/libg.a(lib_a-mallocr.o)
                0x20000f54                __malloc_current_mallinfo
 *(COMMON)
 COMMON         0x20000f7c        0x4 /home/pradeep/stm32f4/gcc-arm-none-eabi-4_9-2015q3/bin/../lib/gcc/arm-none-eabi/4.9.3/../../../../arm-none-eabi/lib/armv7e-m/fpu/libg.a(lib_a-reent.o)
                0x20000f7c                errno
                0x20000f80                . = ALIGN (0x4)
                0x20000f80                _ebss = .
                0x20000f80                __bss_end__ = _ebss

._user_heap_stack
                0x20000f80      0x400 load address 0x08004958
                0x20000f80                . = ALIGN (0x4)
                0x20000f80                PROVIDE (end, .)
                0x20000f80                PROVIDE (_end, .)
                0x20000f80                . = (. + _Min_Heap_Size)
                0x20001380                . = (. + _Min_Stack_Size)
 *fill*         0x20000f80      0x400 
                0x20001380                . = ALIGN (0x4)

.memory_b1_text
 *(.mb1text)
 *(.mb1text*)
 *(.mb1rodata)
 *(.mb1rodata*)

/DISCARD/
 libc.a(*)
 libm.a(*)
 libgcc.a(*)

.ARM.attributes
                0x00000000       0x30
 *(.ARM.attributes)
 .ARM.attributes
                0x00000000       0x22 /home/pradeep/stm32f4/gcc-arm-none-eabi-4_9-2015q3/bin/../lib/gcc/arm-none-eabi/4.9.3/armv7e-m/fpu/crti.o
 .ARM.attributes
                0x00000022       0x34 /home/pradeep/stm32f4/gcc-arm-none-eabi-4_9-2015q3/bin/../lib/gcc/arm-none-eabi/4.9.3/armv7e-m/fpu/crtbegin.o
 .ARM.attributes
                0x00000056       0x20 /home/pradeep/stm32f4/gcc-arm-none-eabi-4_9-2015q3/bin/../lib/gcc/arm-none-eabi/4.9.3/../../../../arm-none-eabi/lib/armv7e-m/fpu/crt0.o
 .ARM.attributes
                0x00000076       0x39 /tmp/ccu3usiG.o
 .ARM.attributes
                0x000000af       0x39 /tmp/ccEz72BM.o
 .ARM.attributes
                0x000000e8       0x39 /tmp/ccNcQKyf.o
 .ARM.attributes
                0x00000121       0x39 /tmp/ccZgTuwj.o
 .ARM.attributes
                0x0000015a       0x39 /tmp/ccpoGD83.o
 .ARM.attributes
                0x00000193       0x39 /tmp/ccQtOroH.o
 .ARM.attributes
                0x000001cc       0x39 /tmp/cc2WVRRR.o
 .ARM.attributes
                0x00000205       0x39 /tmp/ccwN4sAQ.o
 .ARM.attributes
                0x0000023e       0x21 /tmp/ccyRBDsQ.o
 .ARM.attributes
                0x0000025f       0x39 lib/libstm32f4.a(stm32f4xx_rcc.o)
 .ARM.attributes
                0x00000298       0x39 lib/libstm32f4.a(stm32f4xx_gpio.o)
 .ARM.attributes
                0x000002d1       0x39 lib/libstm32f4.a(stm32f4xx_spi.o)
 .ARM.attributes
                0x0000030a       0x39 lib/libstm32f4.a(stm32f4xx_usart.o)
 .ARM.attributes
                0x00000343       0x34 /home/pradeep/stm32f4/gcc-arm-none-eabi-4_9-2015q3/bin/../lib/gcc/arm-none-eabi/4.9.3/../../../../arm-none-eabi/lib/armv7e-m/fpu/libg.a(lib_a-exit.o)
 .ARM.attributes
                0x00000377       0x34 /home/pradeep/stm32f4/gcc-arm-none-eabi-4_9-2015q3/bin/../lib/gcc/arm-none-eabi/4.9.3/../../../../arm-none-eabi/lib/armv7e-m/fpu/libg.a(lib_a-impure.o)
 .ARM.attributes
                0x000003ab       0x34 /home/pradeep/stm32f4/gcc-arm-none-eabi-4_9-2015q3/bin/../lib/gcc/arm-none-eabi/4.9.3/../../../../arm-none-eabi/lib/armv7e-m/fpu/libg.a(lib_a-init.o)
 .ARM.attributes
                0x000003df       0x34 /home/pradeep/stm32f4/gcc-arm-none-eabi-4_9-2015q3/bin/../lib/gcc/arm-none-eabi/4.9.3/../../../../arm-none-eabi/lib/armv7e-m/fpu/libg.a(lib_a-memset.o)
 .ARM.attributes
                0x00000413       0x34 /home/pradeep/stm32f4/gcc-arm-none-eabi-4_9-2015q3/bin/../lib/gcc/arm-none-eabi/4.9.3/../../../../arm-none-eabi/lib/armv7e-m/fpu/libg.a(lib_a-puts.o)
 .ARM.attributes
                0x00000447       0x34 /home/pradeep/stm32f4/gcc-arm-none-eabi-4_9-2015q3/bin/../lib/gcc/arm-none-eabi/4.9.3/../../../../arm-none-eabi/lib/armv7e-m/fpu/libg.a(lib_a-reent.o)
 .ARM.attributes
                0x0000047b       0x34 /home/pradeep/stm32f4/gcc-arm-none-eabi-4_9-2015q3/bin/../lib/gcc/arm-none-eabi/4.9.3/../../../../arm-none-eabi/lib/armv7e-m/fpu/libg.a(lib_a-setvbuf.o)
 .ARM.attributes
                0x000004af       0x34 /home/pradeep/stm32f4/gcc-arm-none-eabi-4_9-2015q3/bin/../lib/gcc/arm-none-eabi/4.9.3/../../../../arm-none-eabi/lib/armv7e-m/fpu/libg.a(lib_a-strlen.o)
 .ARM.attributes
                0x000004e3       0x34 /home/pradeep/stm32f4/gcc-arm-none-eabi-4_9-2015q3/bin/../lib/gcc/arm-none-eabi/4.9.3/../../../../arm-none-eabi/lib/armv7e-m/fpu/libg.a(lib_a-__call_atexit.o)
 .ARM.attributes
                0x00000517       0x34 /home/pradeep/stm32f4/gcc-arm-none-eabi-4_9-2015q3/bin/../lib/gcc/arm-none-eabi/4.9.3/../../../../arm-none-eabi/lib/armv7e-m/fpu/libg.a(lib_a-atexit.o)
 .ARM.attributes
                0x0000054b       0x34 /home/pradeep/stm32f4/gcc-arm-none-eabi-4_9-2015q3/bin/../lib/gcc/arm-none-eabi/4.9.3/../../../../arm-none-eabi/lib/armv7e-m/fpu/libg.a(lib_a-fflush.o)
 .ARM.attributes
                0x0000057f       0x34 /home/pradeep/stm32f4/gcc-arm-none-eabi-4_9-2015q3/bin/../lib/gcc/arm-none-eabi/4.9.3/../../../../arm-none-eabi/lib/armv7e-m/fpu/libg.a(lib_a-findfp.o)
 .ARM.attributes
                0x000005b3       0x34 /home/pradeep/stm32f4/gcc-arm-none-eabi-4_9-2015q3/bin/../lib/gcc/arm-none-eabi/4.9.3/../../../../arm-none-eabi/lib/armv7e-m/fpu/libg.a(lib_a-fini.o)
 .ARM.attributes
                0x000005e7       0x34 /home/pradeep/stm32f4/gcc-arm-none-eabi-4_9-2015q3/bin/../lib/gcc/arm-none-eabi/4.9.3/../../../../arm-none-eabi/lib/armv7e-m/fpu/libg.a(lib_a-freer.o)
 .ARM.attributes
                0x0000061b       0x34 /home/pradeep/stm32f4/gcc-arm-none-eabi-4_9-2015q3/bin/../lib/gcc/arm-none-eabi/4.9.3/../../../../arm-none-eabi/lib/armv7e-m/fpu/libg.a(lib_a-fvwrite.o)
 .ARM.attributes
                0x0000064f       0x34 /home/pradeep/stm32f4/gcc-arm-none-eabi-4_9-2015q3/bin/../lib/gcc/arm-none-eabi/4.9.3/../../../../arm-none-eabi/lib/armv7e-m/fpu/libg.a(lib_a-fwalk.o)
 .ARM.attributes
                0x00000683       0x34 /home/pradeep/stm32f4/gcc-arm-none-eabi-4_9-2015q3/bin/../lib/gcc/arm-none-eabi/4.9.3/../../../../arm-none-eabi/lib/armv7e-m/fpu/libg.a(lib_a-malloc.o)
 .ARM.attributes
                0x000006b7       0x34 /home/pradeep/stm32f4/gcc-arm-none-eabi-4_9-2015q3/bin/../lib/gcc/arm-none-eabi/4.9.3/../../../../arm-none-eabi/lib/armv7e-m/fpu/libg.a(lib_a-mallocr.o)
 .ARM.attributes
                0x000006eb       0x34 /home/pradeep/stm32f4/gcc-arm-none-eabi-4_9-2015q3/bin/../lib/gcc/arm-none-eabi/4.9.3/../../../../arm-none-eabi/lib/armv7e-m/fpu/libg.a(lib_a-memchr.o)
 .ARM.attributes
                0x0000071f       0x20 /home/pradeep/stm32f4/gcc-arm-none-eabi-4_9-2015q3/bin/../lib/gcc/arm-none-eabi/4.9.3/../../../../arm-none-eabi/lib/armv7e-m/fpu/libg.a(lib_a-memcpy.o)
 .ARM.attributes
                0x0000073f       0x34 /home/pradeep/stm32f4/gcc-arm-none-eabi-4_9-2015q3/bin/../lib/gcc/arm-none-eabi/4.9.3/../../../../arm-none-eabi/lib/armv7e-m/fpu/libg.a(lib_a-memmove.o)
 .ARM.attributes
                0x00000773       0x34 /home/pradeep/stm32f4/gcc-arm-none-eabi-4_9-2015q3/bin/../lib/gcc/arm-none-eabi/4.9.3/../../../../arm-none-eabi/lib/armv7e-m/fpu/libg.a(lib_a-mlock.o)
 .ARM.attributes
                0x000007a7       0x34 /home/pradeep/stm32f4/gcc-arm-none-eabi-4_9-2015q3/bin/../lib/gcc/arm-none-eabi/4.9.3/../../../../arm-none-eabi/lib/armv7e-m/fpu/libg.a(lib_a-reallocr.o)
 .ARM.attributes
                0x000007db       0x34 /home/pradeep/stm32f4/gcc-arm-none-eabi-4_9-2015q3/bin/../lib/gcc/arm-none-eabi/4.9.3/../../../../arm-none-eabi/lib/armv7e-m/fpu/libg.a(lib_a-sbrkr.o)
 .ARM.attributes
                0x0000080f       0x34 /home/pradeep/stm32f4/gcc-arm-none-eabi-4_9-2015q3/bin/../lib/gcc/arm-none-eabi/4.9.3/../../../../arm-none-eabi/lib/armv7e-m/fpu/libg.a(lib_a-stdio.o)
 .ARM.attributes
                0x00000843       0x34 /home/pradeep/stm32f4/gcc-arm-none-eabi-4_9-2015q3/bin/../lib/gcc/arm-none-eabi/4.9.3/../../../../arm-none-eabi/lib/armv7e-m/fpu/libg.a(lib_a-writer.o)
 .ARM.attributes
                0x00000877       0x34 /home/pradeep/stm32f4/gcc-arm-none-eabi-4_9-2015q3/bin/../lib/gcc/arm-none-eabi/4.9.3/../../../../arm-none-eabi/lib/armv7e-m/fpu/libg.a(lib_a-wsetup.o)
 .ARM.attributes
                0x000008ab       0x34 /home/pradeep/stm32f4/gcc-arm-none-eabi-4_9-2015q3/bin/../lib/gcc/arm-none-eabi/4.9.3/../../../../arm-none-eabi/lib/armv7e-m/fpu/libg.a(lib_a-__atexit.o)
 .ARM.attributes
                0x000008df       0x34 /home/pradeep/stm32f4/gcc-arm-none-eabi-4_9-2015q3/bin/../lib/gcc/arm-none-eabi/4.9.3/../../../../arm-none-eabi/lib/armv7e-m/fpu/libg.a(lib_a-closer.o)
 .ARM.attributes
                0x00000913       0x34 /home/pradeep/stm32f4/gcc-arm-none-eabi-4_9-2015q3/bin/../lib/gcc/arm-none-eabi/4.9.3/../../../../arm-none-eabi/lib/armv7e-m/fpu/libg.a(lib_a-fclose.o)
 .ARM.attributes
                0x00000947       0x34 /home/pradeep/stm32f4/gcc-arm-none-eabi-4_9-2015q3/bin/../lib/gcc/arm-none-eabi/4.9.3/../../../../arm-none-eabi/lib/armv7e-m/fpu/libg.a(lib_a-lseekr.o)
 .ARM.attributes
                0x0000097b       0x34 /home/pradeep/stm32f4/gcc-arm-none-eabi-4_9-2015q3/bin/../lib/gcc/arm-none-eabi/4.9.3/../../../../arm-none-eabi/lib/armv7e-m/fpu/libg.a(lib_a-makebuf.o)
 .ARM.attributes
                0x000009af       0x34 /home/pradeep/stm32f4/gcc-arm-none-eabi-4_9-2015q3/bin/../lib/gcc/arm-none-eabi/4.9.3/../../../../arm-none-eabi/lib/armv7e-m/fpu/libg.a(lib_a-readr.o)
 .ARM.attributes
                0x000009e3       0x34 /home/pradeep/stm32f4/gcc-arm-none-eabi-4_9-2015q3/bin/../lib/gcc/arm-none-eabi/4.9.3/../../../../arm-none-eabi/lib/armv7e-m/fpu/libg.a(lib_a-fstatr.o)
 .ARM.attributes
                0x00000a17       0x34 /home/pradeep/stm32f4/gcc-arm-none-eabi-4_9-2015q3/bin/../lib/gcc/arm-none-eabi/4.9.3/../../../../arm-none-eabi/lib/armv7e-m/fpu/libg.a(lib_a-isattyr.o)
 .ARM.attributes
                0x00000a4b       0x34 /home/pradeep/stm32f4/gcc-arm-none-eabi-4_9-2015q3/bin/../lib/gcc/arm-none-eabi/4.9.3/armv7e-m/fpu/crtend.o
 .ARM.attributes
                0x00000a7f       0x22 /home/pradeep/stm32f4/gcc-arm-none-eabi-4_9-2015q3/bin/../lib/gcc/arm-none-eabi/4.9.3/armv7e-m/fpu/crtn.o
OUTPUT(main.elf elf32-littlearm)

.debug_info     0x00000000     0x65a6
 .debug_info    0x00000000     0x11e1 /tmp/ccu3usiG.o
 .debug_info    0x000011e1      0x5b7 /tmp/ccEz72BM.o
 .debug_info    0x00001798      0x165 /tmp/ccNcQKyf.o
 .debug_info    0x000018fd      0x55b /tmp/ccZgTuwj.o
 .debug_info    0x00001e58      0x805 /tmp/ccpoGD83.o
 .debug_info    0x0000265d      0x8f8 /tmp/ccQtOroH.o
 .debug_info    0x00002f55      0x69d /tmp/cc2WVRRR.o
 .debug_info    0x000035f2      0x400 /tmp/ccwN4sAQ.o
 .debug_info    0x000039f2       0x7a /tmp/ccyRBDsQ.o
 .debug_info    0x00003a6c      0xcd1 lib/libstm32f4.a(stm32f4xx_rcc.o)
 .debug_info    0x0000473d      0x7ae lib/libstm32f4.a(stm32f4xx_gpio.o)
 .debug_info    0x00004eeb      0xba0 lib/libstm32f4.a(stm32f4xx_spi.o)
 .debug_info    0x00005a8b      0xb1b lib/libstm32f4.a(stm32f4xx_usart.o)

.debug_abbrev   0x00000000     0x17a5
 .debug_abbrev  0x00000000      0x3c6 /tmp/ccu3usiG.o
 .debug_abbrev  0x000003c6      0x15f /tmp/ccEz72BM.o
 .debug_abbrev  0x00000525       0xb3 /tmp/ccNcQKyf.o
 .debug_abbrev  0x000005d8      0x159 /tmp/ccZgTuwj.o
 .debug_abbrev  0x00000731      0x233 /tmp/ccpoGD83.o
 .debug_abbrev  0x00000964      0x265 /tmp/ccQtOroH.o
 .debug_abbrev  0x00000bc9      0x206 /tmp/cc2WVRRR.o
 .debug_abbrev  0x00000dcf      0x16f /tmp/ccwN4sAQ.o
 .debug_abbrev  0x00000f3e       0x12 /tmp/ccyRBDsQ.o
 .debug_abbrev  0x00000f50      0x289 lib/libstm32f4.a(stm32f4xx_rcc.o)
 .debug_abbrev  0x000011d9      0x1f8 lib/libstm32f4.a(stm32f4xx_gpio.o)
 .debug_abbrev  0x000013d1      0x1e7 lib/libstm32f4.a(stm32f4xx_spi.o)
 .debug_abbrev  0x000015b8      0x1ed lib/libstm32f4.a(stm32f4xx_usart.o)

.debug_loc      0x00000000     0x28b2
 .debug_loc     0x00000000       0x37 /tmp/ccu3usiG.o
 .debug_loc     0x00000037      0x13f /tmp/ccEz72BM.o
 .debug_loc     0x00000176      0x3e1 /tmp/ccpoGD83.o
 .debug_loc     0x00000557      0x451 /tmp/ccQtOroH.o
 .debug_loc     0x000009a8       0x84 /tmp/cc2WVRRR.o
 .debug_loc     0x00000a2c      0xb7a lib/libstm32f4.a(stm32f4xx_rcc.o)
 .debug_loc     0x000015a6      0x386 lib/libstm32f4.a(stm32f4xx_gpio.o)
 .debug_loc     0x0000192c      0x6a1 lib/libstm32f4.a(stm32f4xx_spi.o)
 .debug_loc     0x00001fcd      0x8e5 lib/libstm32f4.a(stm32f4xx_usart.o)

.debug_aranges  0x00000000      0x1b0
 .debug_aranges
                0x00000000       0x28 /tmp/ccu3usiG.o
 .debug_aranges
                0x00000028       0x20 /tmp/ccEz72BM.o
 .debug_aranges
                0x00000048       0x20 /tmp/ccNcQKyf.o
 .debug_aranges
                0x00000068       0x20 /tmp/ccZgTuwj.o
 .debug_aranges
                0x00000088       0x20 /tmp/ccpoGD83.o
 .debug_aranges
                0x000000a8       0x20 /tmp/ccQtOroH.o
 .debug_aranges
                0x000000c8       0x20 /tmp/cc2WVRRR.o
 .debug_aranges
                0x000000e8       0x20 /tmp/ccwN4sAQ.o
 .debug_aranges
                0x00000108       0x28 /tmp/ccyRBDsQ.o
 .debug_aranges
                0x00000130       0x20 lib/libstm32f4.a(stm32f4xx_rcc.o)
 .debug_aranges
                0x00000150       0x20 lib/libstm32f4.a(stm32f4xx_gpio.o)
 .debug_aranges
                0x00000170       0x20 lib/libstm32f4.a(stm32f4xx_spi.o)
 .debug_aranges
                0x00000190       0x20 lib/libstm32f4.a(stm32f4xx_usart.o)

.debug_ranges   0x00000000       0xf0
 .debug_ranges  0x00000000       0x98 /tmp/ccu3usiG.o
 .debug_ranges  0x00000098       0x18 /tmp/ccEz72BM.o
 .debug_ranges  0x000000b0       0x20 /tmp/ccyRBDsQ.o
 .debug_ranges  0x000000d0       0x20 lib/libstm32f4.a(stm32f4xx_rcc.o)

.debug_line     0x00000000     0x1913
 .debug_line    0x00000000      0x2c5 /tmp/ccu3usiG.o
 .debug_line    0x000002c5      0x196 /tmp/ccEz72BM.o
 .debug_line    0x0000045b      0x14c /tmp/ccNcQKyf.o
 .debug_line    0x000005a7      0x1ad /tmp/ccZgTuwj.o
 .debug_line    0x00000754      0x230 /tmp/ccpoGD83.o
 .debug_line    0x00000984      0x205 /tmp/ccQtOroH.o
 .debug_line    0x00000b89      0x1d0 /tmp/cc2WVRRR.o
 .debug_line    0x00000d59      0x1a4 /tmp/ccwN4sAQ.o
 .debug_line    0x00000efd       0x74 /tmp/ccyRBDsQ.o
 .debug_line    0x00000f71      0x288 lib/libstm32f4.a(stm32f4xx_rcc.o)
 .debug_line    0x000011f9      0x1f9 lib/libstm32f4.a(stm32f4xx_gpio.o)
 .debug_line    0x000013f2      0x269 lib/libstm32f4.a(stm32f4xx_spi.o)
 .debug_line    0x0000165b      0x2b8 lib/libstm32f4.a(stm32f4xx_usart.o)

.debug_str      0x00000000     0x22ea
 .debug_str     0x00000000      0xc09 /tmp/ccu3usiG.o
                                0xc94 (size before relaxing)
 .debug_str     0x00000c09      0x165 /tmp/ccEz72BM.o
                                0x3ea (size before relaxing)
 .debug_str     0x00000d6e       0xb5 /tmp/ccNcQKyf.o
                                0x258 (size before relaxing)
 .debug_str     0x00000e23      0x2b9 /tmp/ccZgTuwj.o
                                0x4e6 (size before relaxing)
 .debug_str     0x000010dc      0x1bf /tmp/ccpoGD83.o
                                0x43c (size before relaxing)
 .debug_str     0x0000129b      0x19b /tmp/ccQtOroH.o
                                0x3de (size before relaxing)
 .debug_str     0x00001436      0x115 /tmp/cc2WVRRR.o
                                0x549 (size before relaxing)
 .debug_str     0x0000154b       0x10 /tmp/ccwN4sAQ.o
                                0x3e1 (size before relaxing)
 .debug_str     0x0000155b      0x62a lib/libstm32f4.a(stm32f4xx_rcc.o)
                                0x87f (size before relaxing)
 .debug_str     0x00001b85      0x14f lib/libstm32f4.a(stm32f4xx_gpio.o)
                                0x4f9 (size before relaxing)
 .debug_str     0x00001cd4      0x2bb lib/libstm32f4.a(stm32f4xx_spi.o)
                                0x6e7 (size before relaxing)
 .debug_str     0x00001f8f      0x35b lib/libstm32f4.a(stm32f4xx_usart.o)
                                0x6fe (size before relaxing)

.comment        0x00000000       0x70
 .comment       0x00000000       0x70 /tmp/ccu3usiG.o
                                 0x71 (size before relaxing)
 .comment       0x00000000       0x71 /tmp/ccEz72BM.o
 .comment       0x00000000       0x71 /tmp/ccNcQKyf.o
 .comment       0x00000000       0x71 /tmp/ccZgTuwj.o
 .comment       0x00000000       0x71 /tmp/ccpoGD83.o
 .comment       0x00000000       0x71 /tmp/ccQtOroH.o
 .comment       0x00000000       0x71 /tmp/cc2WVRRR.o
 .comment       0x00000000       0x71 /tmp/ccwN4sAQ.o
 .comment       0x00000000       0x71 lib/libstm32f4.a(stm32f4xx_rcc.o)
 .comment       0x00000000       0x71 lib/libstm32f4.a(stm32f4xx_gpio.o)
 .comment       0x00000000       0x71 lib/libstm32f4.a(stm32f4xx_spi.o)
 .comment       0x00000000       0x71 lib/libstm32f4.a(stm32f4xx_usart.o)

.debug_frame    0x00000000     0x1670
 .debug_frame   0x00000000       0x6c /tmp/ccu3usiG.o
 .debug_frame   0x0000006c       0x3c /tmp/ccEz72BM.o
 .debug_frame   0x000000a8       0xb0 /tmp/ccNcQKyf.o
 .debug_frame   0x00000158       0x34 /tmp/ccZgTuwj.o
 .debug_frame   0x0000018c      0x158 /tmp/ccpoGD83.o
 .debug_frame   0x000002e4       0xf4 /tmp/ccQtOroH.o
 .debug_frame   0x000003d8       0x74 /tmp/cc2WVRRR.o
 .debug_frame   0x0000044c       0x68 /tmp/ccwN4sAQ.o
 .debug_frame   0x000004b4      0x2f0 lib/libstm32f4.a(stm32f4xx_rcc.o)
 .debug_frame   0x000007a4      0x164 lib/libstm32f4.a(stm32f4xx_gpio.o)
 .debug_frame   0x00000908      0x1fc lib/libstm32f4.a(stm32f4xx_spi.o)
 .debug_frame   0x00000b04      0x264 lib/libstm32f4.a(stm32f4xx_usart.o)
 .debug_frame   0x00000d68       0x28 /home/pradeep/stm32f4/gcc-arm-none-eabi-4_9-2015q3/bin/../lib/gcc/arm-none-eabi/4.9.3/../../../../arm-none-eabi/lib/armv7e-m/fpu/libg.a(lib_a-exit.o)
 .debug_frame   0x00000d90       0x2c /home/pradeep/stm32f4/gcc-arm-none-eabi-4_9-2015q3/bin/../lib/gcc/arm-none-eabi/4.9.3/../../../../arm-none-eabi/lib/armv7e-m/fpu/libg.a(lib_a-init.o)
 .debug_frame   0x00000dbc       0x34 /home/pradeep/stm32f4/gcc-arm-none-eabi-4_9-2015q3/bin/../lib/gcc/arm-none-eabi/4.9.3/../../../../arm-none-eabi/lib/armv7e-m/fpu/libg.a(lib_a-memset.o)
 .debug_frame   0x00000df0       0x48 /home/pradeep/stm32f4/gcc-arm-none-eabi-4_9-2015q3/bin/../lib/gcc/arm-none-eabi/4.9.3/../../../../arm-none-eabi/lib/armv7e-m/fpu/libg.a(lib_a-puts.o)
 .debug_frame   0x00000e38       0x58 /home/pradeep/stm32f4/gcc-arm-none-eabi-4_9-2015q3/bin/../lib/gcc/arm-none-eabi/4.9.3/../../../../arm-none-eabi/lib/armv7e-m/fpu/libg.a(lib_a-reent.o)
 .debug_frame   0x00000e90       0x30 /home/pradeep/stm32f4/gcc-arm-none-eabi-4_9-2015q3/bin/../lib/gcc/arm-none-eabi/4.9.3/../../../../arm-none-eabi/lib/armv7e-m/fpu/libg.a(lib_a-setvbuf.o)
 .debug_frame   0x00000ec0       0x20 /home/pradeep/stm32f4/gcc-arm-none-eabi-4_9-2015q3/bin/../lib/gcc/arm-none-eabi/4.9.3/../../../../arm-none-eabi/lib/armv7e-m/fpu/libg.a(lib_a-strlen.o)
 .debug_frame   0x00000ee0       0x50 /home/pradeep/stm32f4/gcc-arm-none-eabi-4_9-2015q3/bin/../lib/gcc/arm-none-eabi/4.9.3/../../../../arm-none-eabi/lib/armv7e-m/fpu/libg.a(lib_a-__call_atexit.o)
 .debug_frame   0x00000f30       0x20 /home/pradeep/stm32f4/gcc-arm-none-eabi-4_9-2015q3/bin/../lib/gcc/arm-none-eabi/4.9.3/../../../../arm-none-eabi/lib/armv7e-m/fpu/libg.a(lib_a-atexit.o)
 .debug_frame   0x00000f50       0x6c /home/pradeep/stm32f4/gcc-arm-none-eabi-4_9-2015q3/bin/../lib/gcc/arm-none-eabi/4.9.3/../../../../arm-none-eabi/lib/armv7e-m/fpu/libg.a(lib_a-fflush.o)
 .debug_frame   0x00000fbc      0x124 /home/pradeep/stm32f4/gcc-arm-none-eabi-4_9-2015q3/bin/../lib/gcc/arm-none-eabi/4.9.3/../../../../arm-none-eabi/lib/armv7e-m/fpu/libg.a(lib_a-findfp.o)
 .debug_frame   0x000010e0       0x34 /home/pradeep/stm32f4/gcc-arm-none-eabi-4_9-2015q3/bin/../lib/gcc/arm-none-eabi/4.9.3/../../../../arm-none-eabi/lib/armv7e-m/fpu/libg.a(lib_a-fini.o)
 .debug_frame   0x00001114       0x74 /home/pradeep/stm32f4/gcc-arm-none-eabi-4_9-2015q3/bin/../lib/gcc/arm-none-eabi/4.9.3/../../../../arm-none-eabi/lib/armv7e-m/fpu/libg.a(lib_a-freer.o)
 .debug_frame   0x00001188       0x68 /home/pradeep/stm32f4/gcc-arm-none-eabi-4_9-2015q3/bin/../lib/gcc/arm-none-eabi/4.9.3/../../../../arm-none-eabi/lib/armv7e-m/fpu/libg.a(lib_a-fvwrite.o)
 .debug_frame   0x000011f0       0x54 /home/pradeep/stm32f4/gcc-arm-none-eabi-4_9-2015q3/bin/../lib/gcc/arm-none-eabi/4.9.3/../../../../arm-none-eabi/lib/armv7e-m/fpu/libg.a(lib_a-fwalk.o)
 .debug_frame   0x00001244       0x30 /home/pradeep/stm32f4/gcc-arm-none-eabi-4_9-2015q3/bin/../lib/gcc/arm-none-eabi/4.9.3/../../../../arm-none-eabi/lib/armv7e-m/fpu/libg.a(lib_a-malloc.o)
 .debug_frame   0x00001274       0x58 /home/pradeep/stm32f4/gcc-arm-none-eabi-4_9-2015q3/bin/../lib/gcc/arm-none-eabi/4.9.3/../../../../arm-none-eabi/lib/armv7e-m/fpu/libg.a(lib_a-mallocr.o)
 .debug_frame   0x000012cc       0x3c /home/pradeep/stm32f4/gcc-arm-none-eabi-4_9-2015q3/bin/../lib/gcc/arm-none-eabi/4.9.3/../../../../arm-none-eabi/lib/armv7e-m/fpu/libg.a(lib_a-memchr.o)
 .debug_frame   0x00001308       0x30 /home/pradeep/stm32f4/gcc-arm-none-eabi-4_9-2015q3/bin/../lib/gcc/arm-none-eabi/4.9.3/../../../../arm-none-eabi/lib/armv7e-m/fpu/libg.a(lib_a-memmove.o)
 .debug_frame   0x00001338       0x30 /home/pradeep/stm32f4/gcc-arm-none-eabi-4_9-2015q3/bin/../lib/gcc/arm-none-eabi/4.9.3/../../../../arm-none-eabi/lib/armv7e-m/fpu/libg.a(lib_a-mlock.o)
 .debug_frame   0x00001368       0x60 /home/pradeep/stm32f4/gcc-arm-none-eabi-4_9-2015q3/bin/../lib/gcc/arm-none-eabi/4.9.3/../../../../arm-none-eabi/lib/armv7e-m/fpu/libg.a(lib_a-reallocr.o)
 .debug_frame   0x000013c8       0x2c /home/pradeep/stm32f4/gcc-arm-none-eabi-4_9-2015q3/bin/../lib/gcc/arm-none-eabi/4.9.3/../../../../arm-none-eabi/lib/armv7e-m/fpu/libg.a(lib_a-sbrkr.o)
 .debug_frame   0x000013f4       0x88 /home/pradeep/stm32f4/gcc-arm-none-eabi-4_9-2015q3/bin/../lib/gcc/arm-none-eabi/4.9.3/../../../../arm-none-eabi/lib/armv7e-m/fpu/libg.a(lib_a-stdio.o)
 .debug_frame   0x0000147c       0x2c /home/pradeep/stm32f4/gcc-arm-none-eabi-4_9-2015q3/bin/../lib/gcc/arm-none-eabi/4.9.3/../../../../arm-none-eabi/lib/armv7e-m/fpu/libg.a(lib_a-writer.o)
 .debug_frame   0x000014a8       0x2c /home/pradeep/stm32f4/gcc-arm-none-eabi-4_9-2015q3/bin/../lib/gcc/arm-none-eabi/4.9.3/../../../../arm-none-eabi/lib/armv7e-m/fpu/libg.a(lib_a-wsetup.o)
 .debug_frame   0x000014d4       0x34 /home/pradeep/stm32f4/gcc-arm-none-eabi-4_9-2015q3/bin/../lib/gcc/arm-none-eabi/4.9.3/../../../../arm-none-eabi/lib/armv7e-m/fpu/libg.a(lib_a-__atexit.o)
 .debug_frame   0x00001508       0x2c /home/pradeep/stm32f4/gcc-arm-none-eabi-4_9-2015q3/bin/../lib/gcc/arm-none-eabi/4.9.3/../../../../arm-none-eabi/lib/armv7e-m/fpu/libg.a(lib_a-closer.o)
 .debug_frame   0x00001534       0x44 /home/pradeep/stm32f4/gcc-arm-none-eabi-4_9-2015q3/bin/../lib/gcc/arm-none-eabi/4.9.3/../../../../arm-none-eabi/lib/armv7e-m/fpu/libg.a(lib_a-fclose.o)
 .debug_frame   0x00001578       0x2c /home/pradeep/stm32f4/gcc-arm-none-eabi-4_9-2015q3/bin/../lib/gcc/arm-none-eabi/4.9.3/../../../../arm-none-eabi/lib/armv7e-m/fpu/libg.a(lib_a-lseekr.o)
 .debug_frame   0x000015a4       0x48 /home/pradeep/stm32f4/gcc-arm-none-eabi-4_9-2015q3/bin/../lib/gcc/arm-none-eabi/4.9.3/../../../../arm-none-eabi/lib/armv7e-m/fpu/libg.a(lib_a-makebuf.o)
 .debug_frame   0x000015ec       0x2c /home/pradeep/stm32f4/gcc-arm-none-eabi-4_9-2015q3/bin/../lib/gcc/arm-none-eabi/4.9.3/../../../../arm-none-eabi/lib/armv7e-m/fpu/libg.a(lib_a-readr.o)
 .debug_frame   0x00001618       0x2c /home/pradeep/stm32f4/gcc-arm-none-eabi-4_9-2015q3/bin/../lib/gcc/arm-none-eabi/4.9.3/../../../../arm-none-eabi/lib/armv7e-m/fpu/libg.a(lib_a-fstatr.o)
 .debug_frame   0x00001644       0x2c /home/pradeep/stm32f4/gcc-arm-none-eabi-4_9-2015q3/bin/../lib/gcc/arm-none-eabi/4.9.3/../../../../arm-none-eabi/lib/armv7e-m/fpu/libg.a(lib_a-isattyr.o)
